
> cryptorsi@1.0.0 build
> next build && node scripts/sync-assets.js

   Γû▓ Next.js 15.5.12
   - Environments: .env.local, .env

   Creating an optimized production build ...
 Γ£ô (pwa) Compiling for server...
 Γ£ô (pwa) Compiling for server...
 Γ£ô (pwa) Compiling for client (static)...
 Γùï (pwa) Service worker: C:\Users\zaliz\Downloads\CryptoRSI\public\sw.js
 Γùï (pwa)   URL: /sw.js
 Γùï (pwa)   Scope: /
 Γ£ô (pwa) Found a custom worker implementation at C:\Users\zaliz\Downloads\CryptoRSI\worker\index.ts.
 Γ£ô (pwa) Building the custom worker to C:\Users\zaliz\Downloads\CryptoRSI\public\worker-49b4365c620f6d5f.js...
 Γùï (pwa) This app will fallback to these precached routes when fetching from the cache and the network fails:
 Γùï (pwa)   Documents (pages): /offline
 Γùï (pwa)   Images: /logo/rsiq-pro-icon.png
 Γùï (pwa) Custom runtimeCaching array found, using it instead of the default one.
node.exe : Failed to compile.
At line:1 char:1
+ & "C:\Program Files\nodejs/node.exe" "C:\Program Files\nodejs/node_mo ...
+ ~~~~~~~~~~~~~~~~~~~~~~~~~~~~~~~~~~~~~~~~~~~~~~~~~~~~~~~~~~~~~~~~~~~~~
    + CategoryInfo          : NotSpecified: (Failed to compile.:String) [], RemoteException
    + FullyQualifiedErrorId : NativeCommandError
 

./node_modules/pg-connection-string/index.js:82:1
Module not found: Can't resolve 'fs'
  80 |
  81 |   // Only try to load fs if we expect to read from the disk
> 82 |   const fs = config.sslcert || config.sslkey || config.sslrootcert ? require('fs') : null
     | ^
  83 |
  84 |   if (config.sslcert) {
  85 |     config.ssl.cert = fs.readFileSync(config.sslcert).toString()

https://nextjs.org/docs/messages/module-not-found

Import trace for requested module:
./node_modules/pg/lib/connection-parameters.js
./node_modules/pg/lib/client.js
./node_modules/pg/lib/index.js
./node_modules/pg/esm/index.mjs
./lib/prisma.ts
./lib/coin-config.ts
./lib/screener-service.ts
./app/api/og/ [symbol]/route.tsx
./node_modules/next/dist/build/webpack/loaders/next-edge-app-route-loader/index.js?absolutePagePath=private-next-app-di
r%2Fapi%2Fog%2F%20%5Bsymbol%5D%2Froute.tsx&page=%2Fapi%2Fog%2F%20%5Bsymbol%5D%2Froute&appDirLoader=bmV4dC1hcHAtbG9hZGVy
P25hbWU9YXBwJTJGYXBpJTJGb2clMkYlMjAlNUJzeW1ib2wlNUQlMkZyb3V0ZSZwYWdlPSUyRmFwaSUyRm9nJTJGJTIwJTVCc3ltYm9sJTVEJTJGcm91dGU
mcGFnZVBhdGg9cHJpdmF0ZS1uZXh0LWFwcC1kaXIlMkZhcGklMkZvZyUyRiUyMCU1QnN5bWJvbCU1RCUyRnJvdXRlLnRzeCZhcHBEaXI9QyUzQSU1Q1VzZX
JzJTVDemFsaXolNUNEb3dubG9hZHMlNUNDcnlwdG9SU0klNUNhcHAmYXBwUGF0aHM9JTJGYXBpJTJGb2clMkYlMjAlNUJzeW1ib2wlNUQlMkZyb3V0ZSZwY
WdlRXh0ZW5zaW9ucz10c3gmcGFnZUV4dGVuc2lvbnM9dHMmcGFnZUV4dGVuc2lvbnM9anN4JnBhZ2VFeHRlbnNpb25zPWpzJmJhc2VQYXRoPSZhc3NldFBy
ZWZpeD0mbmV4dENvbmZpZ091dHB1dD1zdGFuZGFsb25lJnByZWZlcnJlZFJlZ2lvbj0mbWlkZGxld2FyZUNvbmZpZz1lMzAlM0QmaXNHbG9iYWxOb3RGb3V
uZEVuYWJsZWQ9IQ%3D%3D&nextConfig=eyJlbnYiOnt9LCJlc2xpbnQiOnsiaWdub3JlRHVyaW5nQnVpbGRzIjp0cnVlfSwidHlwZXNjcmlwdCI6eyJpZ2
5vcmVCdWlsZEVycm9ycyI6dHJ1ZSwidHNjb25maWdQYXRoIjoidHNjb25maWcuanNvbiJ9LCJ0eXBlZFJvdXRlcyI6ZmFsc2UsImRpc3REaXIiOiIubmV4d
CIsImNsZWFuRGlzdERpciI6dHJ1ZSwiYXNzZXRQcmVmaXgiOiIiLCJjYWNoZU1heE1lbW9yeVNpemUiOjUyNDI4ODAwLCJjb25maWdPcmlnaW4iOiJuZXh0
LmNvbmZpZy50cyIsInVzZUZpbGVTeXN0ZW1QdWJsaWNSb3V0ZXMiOnRydWUsImdlbmVyYXRlRXRhZ3MiOnRydWUsInBhZ2VFeHRlbnNpb25zIjpbInRzeCI
sInRzIiwianN4IiwianMiXSwicG93ZXJlZEJ5SGVhZGVyIjp0cnVlLCJjb21wcmVzcyI6dHJ1ZSwiaW1hZ2VzIjp7ImRldmljZVNpemVzIjpbNjQwLDc1MC
w4MjgsMTA4MCwxMjAwLDE5MjAsMjA0OCwzODQwXSwiaW1hZ2VTaXplcyI6WzE2LDMyLDQ4LDY0LDk2LDEyOCwyNTYsMzg0XSwicGF0aCI6Ii9fbmV4dC9pb
WFnZSIsImxvYWRlciI6ImRlZmF1bHQiLCJsb2FkZXJGaWxlIjoiIiwiZG9tYWlucyI6W10sImRpc2FibGVTdGF0aWNJbWFnZXMiOmZhbHNlLCJtaW5pbXVt
Q2FjaGVUVEwiOjYwLCJmb3JtYXRzIjpbImltYWdlL3dlYnAiXSwibWF4aW11bVJlc3BvbnNlQm9keSI6NTAwMDAwMDAsImRhbmdlcm91c2x5QWxsb3dTVkc
iOmZhbHNlLCJjb250ZW50U2VjdXJpdHlQb2xpY3kiOiJzY3JpcHQtc3JjICdub25lJzsgZnJhbWUtc3JjICdub25lJzsgc2FuZGJveDsiLCJjb250ZW50RG
lzcG9zaXRpb25UeXBlIjoiYXR0YWNobWVudCIsInJlbW90ZVBhdHRlcm5zIjpbXSwidW5vcHRpbWl6ZWQiOnRydWV9LCJkZXZJbmRpY2F0b3JzIjp7InBvc
2l0aW9uIjoiYm90dG9tLWxlZnQifSwib25EZW1hbmRFbnRyaWVzIjp7Im1heEluYWN0aXZlQWdlIjo2MDAwMCwicGFnZXNCdWZmZXJMZW5ndGgiOjV9LCJh
bXAiOnsiY2Fub25pY2FsQmFzZSI6IiJ9LCJiYXNlUGF0aCI6IiIsInNhc3NPcHRpb25zIjp7fSwidHJhaWxpbmdTbGFzaCI6ZmFsc2UsImkxOG4iOm51bGw
sInByb2R1Y3Rpb25Ccm93c2VyU291cmNlTWFwcyI6ZmFsc2UsImV4Y2x1ZGVEZWZhdWx0TW9tZW50TG9jYWxlcyI6dHJ1ZSwic2VydmVyUnVudGltZUNvbm
ZpZyI6e30sInB1YmxpY1J1bnRpbWVDb25maWciOnt9LCJyZWFjdFByb2R1Y3Rpb25Qcm9maWxpbmciOmZhbHNlLCJyZWFjdFN0cmljdE1vZGUiOm51bGwsI
nJlYWN0TWF4SGVhZGVyc0xlbmd0aCI6NjAwMCwiaHR0cEFnZW50T3B0aW9ucyI6eyJrZWVwQWxpdmUiOnRydWV9LCJsb2dnaW5nIjp7ImZldGNoZXMiOnsi
ZnVsbFVybCI6ZmFsc2V9fSwiY29tcGlsZXIiOnt9LCJleHBpcmVUaW1lIjozMTUzNjAwMCwic3RhdGljUGFnZUdlbmVyYXRpb25UaW1lb3V0Ijo2MCwib3V
0cHV0Ijoic3RhbmRhbG9uZSIsIm1vZHVsYXJpemVJbXBvcnRzIjp7IkBtdWkvaWNvbnMtbWF0ZXJpYWwiOnsidHJhbnNmb3JtIjoiQG11aS9pY29ucy1tYX
RlcmlhbC97e21lbWJlcn19In0sImxvZGFzaCI6eyJ0cmFuc2Zvcm0iOiJsb2Rhc2gve3ttZW1iZXJ9fSJ9fSwib3V0cHV0RmlsZVRyYWNpbmdSb290IjoiQ
zpcXFVzZXJzXFx6YWxpelxcRG93bmxvYWRzXFxDcnlwdG9SU0kiLCJleHBlcmltZW50YWwiOnsidXNlU2tld0Nvb2tpZSI6ZmFsc2UsImNhY2hlTGlmZSI6
eyJkZWZhdWx0Ijp7InN0YWxlIjozMDAsInJldmFsaWRhdGUiOjkwMCwiZXhwaXJlIjo0Mjk0OTY3Mjk0fSwic2Vjb25kcyI6eyJzdGFsZSI6MzAsInJldmF
saWRhdGUiOjEsImV4cGlyZSI6NjB9LCJtaW51dGVzIjp7InN0YWxlIjozMDAsInJldmFsaWRhdGUiOjYwLCJleHBpcmUiOjM2MDB9LCJob3VycyI6eyJzdG
FsZSI6MzAwLCJyZXZhbGlkYXRlIjozNjAwLCJleHBpcmUiOjg2NDAwfSwiZGF5cyI6eyJzdGFsZSI6MzAwLCJyZXZhbGlkYXRlIjo4NjQwMCwiZXhwaXJlI
jo2MDQ4MDB9LCJ3ZWVrcyI6eyJzdGFsZSI6MzAwLCJyZXZhbGlkYXRlIjo2MDQ4MDAsImV4cGlyZSI6MjU5MjAwMH0sIm1heCI6eyJzdGFsZSI6MzAwLCJy
ZXZhbGlkYXRlIjoyNTkyMDAwLCJleHBpcmUiOjQyOTQ5NjcyOTR9fSwiY2FjaGVIYW5kbGVycyI6e30sImNzc0NodW5raW5nIjp0cnVlLCJtdWx0aVpvbmV
EcmFmdE1vZGUiOmZhbHNlLCJhcHBOYXZGYWlsSGFuZGxpbmciOmZhbHNlLCJwcmVyZW5kZXJFYXJseUV4aXQiOnRydWUsInNlcnZlck1pbmlmaWNhdGlvbi
I6dHJ1ZSwic2VydmVyU291cmNlTWFwcyI6ZmFsc2UsImxpbmtOb1RvdWNoU3RhcnQiOmZhbHNlLCJjYXNlU2Vuc2l0aXZlUm91dGVzIjpmYWxzZSwiY2xpZ
W50U2VnbWVudENhY2hlIjpmYWxzZSwiY2xpZW50UGFyYW1QYXJzaW5nIjpmYWxzZSwiZHluYW1pY09uSG92ZXIiOmZhbHNlLCJwcmVsb2FkRW50cmllc09u
U3RhcnQiOnRydWUsImNsaWVudFJvdXRlckZpbHRlciI6dHJ1ZSwiY2xpZW50Um91dGVyRmlsdGVyUmVkaXJlY3RzIjpmYWxzZSwiZmV0Y2hDYWNoZUtleVB
yZWZpeCI6IiIsIm1pZGRsZXdhcmVQcmVmZXRjaCI6ImZsZXhpYmxlIiwib3B0aW1pc3RpY0NsaWVudENhY2hlIjp0cnVlLCJtYW51YWxDbGllbnRCYXNlUG
F0aCI6ZmFsc2UsImNwdXMiOjMsIm1lbW9yeUJhc2VkV29ya2Vyc0NvdW50IjpmYWxzZSwiaW1nT3B0Q29uY3VycmVuY3kiOm51bGwsImltZ09wdFRpbWVvd
XRJblNlY29uZHMiOjcsImltZ09wdE1heElucHV0UGl4ZWxzIjoyNjg0MDI2ODksImltZ09wdFNlcXVlbnRpYWxSZWFkIjpudWxsLCJpbWdPcHRTa2lwTWV0
YWRhdGEiOm51bGwsImlzckZsdXNoVG9EaXNrIjp0cnVlLCJ3b3JrZXJUaHJlYWRzIjpmYWxzZSwib3B0aW1pemVDc3MiOmZhbHNlLCJuZXh0U2NyaXB0V29
ya2VycyI6ZmFsc2UsInNjcm9sbFJlc3RvcmF0aW9uIjpmYWxzZSwiZXh0ZXJuYWxEaXIiOmZhbHNlLCJkaXNhYmxlT3B0aW1pemVkTG9hZGluZyI6ZmFsc2
UsImd6aXBTaXplIjp0cnVlLCJjcmFDb21wYXQiOmZhbHNlLCJlc21FeHRlcm5hbHMiOnRydWUsImZ1bGx5U3BlY2lmaWVkIjpmYWxzZSwic3djVHJhY2VQc
m9maWxpbmciOmZhbHNlLCJmb3JjZVN3Y1RyYW5zZm9ybXMiOmZhbHNlLCJsYXJnZVBhZ2VEYXRhQnl0ZXMiOjEyODAwMCwidHlwZWRFbnYiOmZhbHNlLCJw
YXJhbGxlbFNlcnZlckNvbXBpbGVzIjpmYWxzZSwicGFyYWxsZWxTZXJ2ZXJCdWlsZFRyYWNlcyI6ZmFsc2UsInBwciI6ZmFsc2UsImF1dGhJbnRlcnJ1cHR
zIjpmYWxzZSwid2VicGFja01lbW9yeU9wdGltaXphdGlvbnMiOmZhbHNlLCJvcHRpbWl6ZVNlcnZlclJlYWN0Ijp0cnVlLCJ2aWV3VHJhbnNpdGlvbiI6Zm
Fsc2UsInJvdXRlckJGQ2FjaGUiOmZhbHNlLCJyZW1vdmVVbmNhdWdodEVycm9yQW5kUmVqZWN0aW9uTGlzdGVuZXJzIjpmYWxzZSwidmFsaWRhdGVSU0NSZ
XF1ZXN0SGVhZGVycyI6ZmFsc2UsInN0YWxlVGltZXMiOnsiZHluYW1pYyI6MCwic3RhdGljIjozMDB9LCJzZXJ2ZXJDb21wb25lbnRzSG1yQ2FjaGUiOnRy
dWUsInN0YXRpY0dlbmVyYXRpb25NYXhDb25jdXJyZW5jeSI6OCwic3RhdGljR2VuZXJhdGlvbk1pblBhZ2VzUGVyV29ya2VyIjoyNSwiY2FjaGVDb21wb25
lbnRzIjpmYWxzZSwiaW5saW5lQ3NzIjpmYWxzZSwidXNlQ2FjaGUiOmZhbHNlLCJnbG9iYWxOb3RGb3VuZCI6ZmFsc2UsImRldnRvb2xTZWdtZW50RXhwbG
9yZXIiOnRydWUsImJyb3dzZXJEZWJ1Z0luZm9JblRlcm1pbmFsIjpmYWxzZSwib3B0aW1pemVSb3V0ZXJTY3JvbGxpbmciOmZhbHNlLCJtaWRkbGV3YXJlQ
2xpZW50TWF4Qm9keVNpemUiOjEwNDg1NzYwLCJvcHRpbWl6ZVBhY2thZ2VJbXBvcnRzIjpbImx1Y2lkZS1yZWFjdCIsImRhdGUtZm5zIiwibG9kYXNoLWVz
IiwicmFtZGEiLCJhbnRkIiwicmVhY3QtYm9vdHN0cmFwIiwiYWhvb2tzIiwiQGFudC1kZXNpZ24vaWNvbnMiLCJAaGVhZGxlc3N1aS9yZWFjdCIsIkBoZWF
kbGVzc3VpLWZsb2F0L3JlYWN0IiwiQGhlcm9pY29ucy9yZWFjdC8yMC9zb2xpZCIsIkBoZXJvaWNvbnMvcmVhY3QvMjQvc29saWQiLCJAaGVyb2ljb25zL3
JlYWN0LzI0L291dGxpbmUiLCJAdmlzeC92aXN4IiwiQHRyZW1vci9yZWFjdCIsInJ4anMiLCJAbXVpL21hdGVyaWFsIiwiQG11aS9pY29ucy1tYXRlcmlhb
CIsInJlY2hhcnRzIiwicmVhY3QtdXNlIiwiZWZmZWN0IiwiQGVmZmVjdC9zY2hlbWEiLCJAZWZmZWN0L3BsYXRmb3JtIiwiQGVmZmVjdC9wbGF0Zm9ybS1u
b2RlIiwiQGVmZmVjdC9wbGF0Zm9ybS1icm93c2VyIiwiQGVmZmVjdC9wbGF0Zm9ybS1idW4iLCJAZWZmZWN0L3NxbCIsIkBlZmZlY3Qvc3FsLW1zc3FsIiw
iQGVmZmVjdC9zcWwtbXlzcWwyIiwiQGVmZmVjdC9zcWwtcGciLCJAZWZmZWN0L3NxbC1zcWxpdGUtbm9kZSIsIkBlZmZlY3Qvc3FsLXNxbGl0ZS1idW4iLC
JAZWZmZWN0L3NxbC1zcWxpdGUtd2FzbSIsIkBlZmZlY3Qvc3FsLXNxbGl0ZS1yZWFjdC1uYXRpdmUiLCJAZWZmZWN0L3JwYyIsIkBlZmZlY3QvcnBjLWh0d
HAiLCJAZWZmZWN0L3R5cGVjbGFzcyIsIkBlZmZlY3QvZXhwZXJpbWVudGFsIiwiQGVmZmVjdC9vcGVudGVsZW1ldHJ5IiwiQG1hdGVyaWFsLXVpL2NvcmUi
LCJAbWF0ZXJpYWwtdWkvaWNvbnMiLCJAdGFibGVyL2ljb25zLXJlYWN0IiwibXVpLWNvcmUiLCJyZWFjdC1pY29ucy9haSIsInJlYWN0LWljb25zL2JpIiw
icmVhY3QtaWNvbnMvYnMiLCJyZWFjdC1pY29ucy9jZyIsInJlYWN0LWljb25zL2NpIiwicmVhY3QtaWNvbnMvZGkiLCJyZWFjdC1pY29ucy9mYSIsInJlYW
N0LWljb25zL2ZhNiIsInJlYWN0LWljb25zL2ZjIiwicmVhY3QtaWNvbnMvZmkiLCJyZWFjdC1pY29ucy9naSIsInJlYWN0LWljb25zL2dvIiwicmVhY3Qta
WNvbnMvZ3IiLCJyZWFjdC1pY29ucy9oaSIsInJlYWN0LWljb25zL2hpMiIsInJlYWN0LWljb25zL2ltIiwicmVhY3QtaWNvbnMvaW8iLCJyZWFjdC1pY29u
cy9pbzUiLCJyZWFjdC1pY29ucy9saWEiLCJyZWFjdC1pY29ucy9saWIiLCJyZWFjdC1pY29ucy9sdSIsInJlYWN0LWljb25zL21kIiwicmVhY3QtaWNvbnM
vcGkiLCJyZWFjdC1pY29ucy9yaSIsInJlYWN0LWljb25zL3J4IiwicmVhY3QtaWNvbnMvc2kiLCJyZWFjdC1pY29ucy9zbCIsInJlYWN0LWljb25zL3RiIi
wicmVhY3QtaWNvbnMvdGZpIiwicmVhY3QtaWNvbnMvdGkiLCJyZWFjdC1pY29ucy92c2MiLCJyZWFjdC1pY29ucy93aSJdfSwiaHRtbExpbWl0ZWRCb3RzI
joiW1xcdy1dKy1Hb29nbGV8R29vZ2xlLVtcXHctXSt8Q2hyb21lLUxpZ2h0aG91c2V8U2x1cnB8RHVja0R1Y2tCb3R8YmFpZHVzcGlkZXJ8eWFuZGV4fHNv
Z291fGJpdGx5Ym90fHR1bWJscnx2a1NoYXJlfHF1b3JhIGxpbmsgcHJldmlld3xyZWRkaXRib3R8aWFfYXJjaGl2ZXJ8QmluZ2JvdHxCaW5nUHJldmlld3x
hcHBsZWJvdHxmYWNlYm9va2V4dGVybmFsaGl0fGZhY2Vib29rY2F0YWxvZ3xUd2l0dGVyYm90fExpbmtlZEluQm90fFNsYWNrYm90fERpc2NvcmRib3R8V2
hhdHNBcHB8U2t5cGVVcmlQcmV2aWV3fFlldGl8Z29vZ2xld2VibGlnaHQiLCJidW5kbGVQYWdlc1JvdXRlckRlcGVuZGVuY2llcyI6ZmFsc2UsImNvbmZpZ
0ZpbGUiOiJDOlxcVXNlcnNcXHphbGl6XFxEb3dubG9hZHNcXENyeXB0b1JTSVxcbmV4dC5jb25maWcudHMiLCJjb25maWdGaWxlTmFtZSI6Im5leHQuY29u
ZmlnLnRzIiwic2VydmVyRXh0ZXJuYWxQYWNrYWdlcyI6WyJwZyJdLCJ0dXJib3BhY2siOnsicm9vdCI6IkM6XFxVc2Vyc1xcemFsaXpcXERvd25sb2Fkc1x
cQ3J5cHRvUlNJIn19&preferredRegion=&middlewareConfig=e30%3D&cacheHandlers=%7B%7D!

./node_modules/pgpass/lib/helper.js:3:1
Module not found: Can't resolve 'path'
  1 | 'use strict';
  2 |
> 3 | var path = require('path')
    | ^
  4 |   , Stream = require('stream').Stream
  5 |   , split = require('split2')
  6 |   , util = require('util')

https://nextjs.org/docs/messages/module-not-found

Import trace for requested module:
./node_modules/pgpass/lib/index.js
./node_modules/pg/lib/client.js
./node_modules/pg/lib/index.js
./node_modules/pg/esm/index.mjs
./lib/prisma.ts
./lib/coin-config.ts
./lib/screener-service.ts
./app/api/og/ [symbol]/route.tsx
./node_modules/next/dist/build/webpack/loaders/next-edge-app-route-loader/index.js?absolutePagePath=private-next-app-di
r%2Fapi%2Fog%2F%20%5Bsymbol%5D%2Froute.tsx&page=%2Fapi%2Fog%2F%20%5Bsymbol%5D%2Froute&appDirLoader=bmV4dC1hcHAtbG9hZGVy
P25hbWU9YXBwJTJGYXBpJTJGb2clMkYlMjAlNUJzeW1ib2wlNUQlMkZyb3V0ZSZwYWdlPSUyRmFwaSUyRm9nJTJGJTIwJTVCc3ltYm9sJTVEJTJGcm91dGU
mcGFnZVBhdGg9cHJpdmF0ZS1uZXh0LWFwcC1kaXIlMkZhcGklMkZvZyUyRiUyMCU1QnN5bWJvbCU1RCUyRnJvdXRlLnRzeCZhcHBEaXI9QyUzQSU1Q1VzZX
JzJTVDemFsaXolNUNEb3dubG9hZHMlNUNDcnlwdG9SU0klNUNhcHAmYXBwUGF0aHM9JTJGYXBpJTJGb2clMkYlMjAlNUJzeW1ib2wlNUQlMkZyb3V0ZSZwY
WdlRXh0ZW5zaW9ucz10c3gmcGFnZUV4dGVuc2lvbnM9dHMmcGFnZUV4dGVuc2lvbnM9anN4JnBhZ2VFeHRlbnNpb25zPWpzJmJhc2VQYXRoPSZhc3NldFBy
ZWZpeD0mbmV4dENvbmZpZ091dHB1dD1zdGFuZGFsb25lJnByZWZlcnJlZFJlZ2lvbj0mbWlkZGxld2FyZUNvbmZpZz1lMzAlM0QmaXNHbG9iYWxOb3RGb3V
uZEVuYWJsZWQ9IQ%3D%3D&nextConfig=eyJlbnYiOnt9LCJlc2xpbnQiOnsiaWdub3JlRHVyaW5nQnVpbGRzIjp0cnVlfSwidHlwZXNjcmlwdCI6eyJpZ2
5vcmVCdWlsZEVycm9ycyI6dHJ1ZSwidHNjb25maWdQYXRoIjoidHNjb25maWcuanNvbiJ9LCJ0eXBlZFJvdXRlcyI6ZmFsc2UsImRpc3REaXIiOiIubmV4d
CIsImNsZWFuRGlzdERpciI6dHJ1ZSwiYXNzZXRQcmVmaXgiOiIiLCJjYWNoZU1heE1lbW9yeVNpemUiOjUyNDI4ODAwLCJjb25maWdPcmlnaW4iOiJuZXh0
LmNvbmZpZy50cyIsInVzZUZpbGVTeXN0ZW1QdWJsaWNSb3V0ZXMiOnRydWUsImdlbmVyYXRlRXRhZ3MiOnRydWUsInBhZ2VFeHRlbnNpb25zIjpbInRzeCI
sInRzIiwianN4IiwianMiXSwicG93ZXJlZEJ5SGVhZGVyIjp0cnVlLCJjb21wcmVzcyI6dHJ1ZSwiaW1hZ2VzIjp7ImRldmljZVNpemVzIjpbNjQwLDc1MC
w4MjgsMTA4MCwxMjAwLDE5MjAsMjA0OCwzODQwXSwiaW1hZ2VTaXplcyI6WzE2LDMyLDQ4LDY0LDk2LDEyOCwyNTYsMzg0XSwicGF0aCI6Ii9fbmV4dC9pb
WFnZSIsImxvYWRlciI6ImRlZmF1bHQiLCJsb2FkZXJGaWxlIjoiIiwiZG9tYWlucyI6W10sImRpc2FibGVTdGF0aWNJbWFnZXMiOmZhbHNlLCJtaW5pbXVt
Q2FjaGVUVEwiOjYwLCJmb3JtYXRzIjpbImltYWdlL3dlYnAiXSwibWF4aW11bVJlc3BvbnNlQm9keSI6NTAwMDAwMDAsImRhbmdlcm91c2x5QWxsb3dTVkc
iOmZhbHNlLCJjb250ZW50U2VjdXJpdHlQb2xpY3kiOiJzY3JpcHQtc3JjICdub25lJzsgZnJhbWUtc3JjICdub25lJzsgc2FuZGJveDsiLCJjb250ZW50RG
lzcG9zaXRpb25UeXBlIjoiYXR0YWNobWVudCIsInJlbW90ZVBhdHRlcm5zIjpbXSwidW5vcHRpbWl6ZWQiOnRydWV9LCJkZXZJbmRpY2F0b3JzIjp7InBvc
2l0aW9uIjoiYm90dG9tLWxlZnQifSwib25EZW1hbmRFbnRyaWVzIjp7Im1heEluYWN0aXZlQWdlIjo2MDAwMCwicGFnZXNCdWZmZXJMZW5ndGgiOjV9LCJh
bXAiOnsiY2Fub25pY2FsQmFzZSI6IiJ9LCJiYXNlUGF0aCI6IiIsInNhc3NPcHRpb25zIjp7fSwidHJhaWxpbmdTbGFzaCI6ZmFsc2UsImkxOG4iOm51bGw
sInByb2R1Y3Rpb25Ccm93c2VyU291cmNlTWFwcyI6ZmFsc2UsImV4Y2x1ZGVEZWZhdWx0TW9tZW50TG9jYWxlcyI6dHJ1ZSwic2VydmVyUnVudGltZUNvbm
ZpZyI6e30sInB1YmxpY1J1bnRpbWVDb25maWciOnt9LCJyZWFjdFByb2R1Y3Rpb25Qcm9maWxpbmciOmZhbHNlLCJyZWFjdFN0cmljdE1vZGUiOm51bGwsI
nJlYWN0TWF4SGVhZGVyc0xlbmd0aCI6NjAwMCwiaHR0cEFnZW50T3B0aW9ucyI6eyJrZWVwQWxpdmUiOnRydWV9LCJsb2dnaW5nIjp7ImZldGNoZXMiOnsi
ZnVsbFVybCI6ZmFsc2V9fSwiY29tcGlsZXIiOnt9LCJleHBpcmVUaW1lIjozMTUzNjAwMCwic3RhdGljUGFnZUdlbmVyYXRpb25UaW1lb3V0Ijo2MCwib3V
0cHV0Ijoic3RhbmRhbG9uZSIsIm1vZHVsYXJpemVJbXBvcnRzIjp7IkBtdWkvaWNvbnMtbWF0ZXJpYWwiOnsidHJhbnNmb3JtIjoiQG11aS9pY29ucy1tYX
RlcmlhbC97e21lbWJlcn19In0sImxvZGFzaCI6eyJ0cmFuc2Zvcm0iOiJsb2Rhc2gve3ttZW1iZXJ9fSJ9fSwib3V0cHV0RmlsZVRyYWNpbmdSb290IjoiQ
zpcXFVzZXJzXFx6YWxpelxcRG93bmxvYWRzXFxDcnlwdG9SU0kiLCJleHBlcmltZW50YWwiOnsidXNlU2tld0Nvb2tpZSI6ZmFsc2UsImNhY2hlTGlmZSI6
eyJkZWZhdWx0Ijp7InN0YWxlIjozMDAsInJldmFsaWRhdGUiOjkwMCwiZXhwaXJlIjo0Mjk0OTY3Mjk0fSwic2Vjb25kcyI6eyJzdGFsZSI6MzAsInJldmF
saWRhdGUiOjEsImV4cGlyZSI6NjB9LCJtaW51dGVzIjp7InN0YWxlIjozMDAsInJldmFsaWRhdGUiOjYwLCJleHBpcmUiOjM2MDB9LCJob3VycyI6eyJzdG
FsZSI6MzAwLCJyZXZhbGlkYXRlIjozNjAwLCJleHBpcmUiOjg2NDAwfSwiZGF5cyI6eyJzdGFsZSI6MzAwLCJyZXZhbGlkYXRlIjo4NjQwMCwiZXhwaXJlI
jo2MDQ4MDB9LCJ3ZWVrcyI6eyJzdGFsZSI6MzAwLCJyZXZhbGlkYXRlIjo2MDQ4MDAsImV4cGlyZSI6MjU5MjAwMH0sIm1heCI6eyJzdGFsZSI6MzAwLCJy
ZXZhbGlkYXRlIjoyNTkyMDAwLCJleHBpcmUiOjQyOTQ5NjcyOTR9fSwiY2FjaGVIYW5kbGVycyI6e30sImNzc0NodW5raW5nIjp0cnVlLCJtdWx0aVpvbmV
EcmFmdE1vZGUiOmZhbHNlLCJhcHBOYXZGYWlsSGFuZGxpbmciOmZhbHNlLCJwcmVyZW5kZXJFYXJseUV4aXQiOnRydWUsInNlcnZlck1pbmlmaWNhdGlvbi
I6dHJ1ZSwic2VydmVyU291cmNlTWFwcyI6ZmFsc2UsImxpbmtOb1RvdWNoU3RhcnQiOmZhbHNlLCJjYXNlU2Vuc2l0aXZlUm91dGVzIjpmYWxzZSwiY2xpZ
W50U2VnbWVudENhY2hlIjpmYWxzZSwiY2xpZW50UGFyYW1QYXJzaW5nIjpmYWxzZSwiZHluYW1pY09uSG92ZXIiOmZhbHNlLCJwcmVsb2FkRW50cmllc09u
U3RhcnQiOnRydWUsImNsaWVudFJvdXRlckZpbHRlciI6dHJ1ZSwiY2xpZW50Um91dGVyRmlsdGVyUmVkaXJlY3RzIjpmYWxzZSwiZmV0Y2hDYWNoZUtleVB
yZWZpeCI6IiIsIm1pZGRsZXdhcmVQcmVmZXRjaCI6ImZsZXhpYmxlIiwib3B0aW1pc3RpY0NsaWVudENhY2hlIjp0cnVlLCJtYW51YWxDbGllbnRCYXNlUG
F0aCI6ZmFsc2UsImNwdXMiOjMsIm1lbW9yeUJhc2VkV29ya2Vyc0NvdW50IjpmYWxzZSwiaW1nT3B0Q29uY3VycmVuY3kiOm51bGwsImltZ09wdFRpbWVvd
XRJblNlY29uZHMiOjcsImltZ09wdE1heElucHV0UGl4ZWxzIjoyNjg0MDI2ODksImltZ09wdFNlcXVlbnRpYWxSZWFkIjpudWxsLCJpbWdPcHRTa2lwTWV0
YWRhdGEiOm51bGwsImlzckZsdXNoVG9EaXNrIjp0cnVlLCJ3b3JrZXJUaHJlYWRzIjpmYWxzZSwib3B0aW1pemVDc3MiOmZhbHNlLCJuZXh0U2NyaXB0V29
ya2VycyI6ZmFsc2UsInNjcm9sbFJlc3RvcmF0aW9uIjpmYWxzZSwiZXh0ZXJuYWxEaXIiOmZhbHNlLCJkaXNhYmxlT3B0aW1pemVkTG9hZGluZyI6ZmFsc2
UsImd6aXBTaXplIjp0cnVlLCJjcmFDb21wYXQiOmZhbHNlLCJlc21FeHRlcm5hbHMiOnRydWUsImZ1bGx5U3BlY2lmaWVkIjpmYWxzZSwic3djVHJhY2VQc
m9maWxpbmciOmZhbHNlLCJmb3JjZVN3Y1RyYW5zZm9ybXMiOmZhbHNlLCJsYXJnZVBhZ2VEYXRhQnl0ZXMiOjEyODAwMCwidHlwZWRFbnYiOmZhbHNlLCJw
YXJhbGxlbFNlcnZlckNvbXBpbGVzIjpmYWxzZSwicGFyYWxsZWxTZXJ2ZXJCdWlsZFRyYWNlcyI6ZmFsc2UsInBwciI6ZmFsc2UsImF1dGhJbnRlcnJ1cHR
zIjpmYWxzZSwid2VicGFja01lbW9yeU9wdGltaXphdGlvbnMiOmZhbHNlLCJvcHRpbWl6ZVNlcnZlclJlYWN0Ijp0cnVlLCJ2aWV3VHJhbnNpdGlvbiI6Zm
Fsc2UsInJvdXRlckJGQ2FjaGUiOmZhbHNlLCJyZW1vdmVVbmNhdWdodEVycm9yQW5kUmVqZWN0aW9uTGlzdGVuZXJzIjpmYWxzZSwidmFsaWRhdGVSU0NSZ
XF1ZXN0SGVhZGVycyI6ZmFsc2UsInN0YWxlVGltZXMiOnsiZHluYW1pYyI6MCwic3RhdGljIjozMDB9LCJzZXJ2ZXJDb21wb25lbnRzSG1yQ2FjaGUiOnRy
dWUsInN0YXRpY0dlbmVyYXRpb25NYXhDb25jdXJyZW5jeSI6OCwic3RhdGljR2VuZXJhdGlvbk1pblBhZ2VzUGVyV29ya2VyIjoyNSwiY2FjaGVDb21wb25
lbnRzIjpmYWxzZSwiaW5saW5lQ3NzIjpmYWxzZSwidXNlQ2FjaGUiOmZhbHNlLCJnbG9iYWxOb3RGb3VuZCI6ZmFsc2UsImRldnRvb2xTZWdtZW50RXhwbG
9yZXIiOnRydWUsImJyb3dzZXJEZWJ1Z0luZm9JblRlcm1pbmFsIjpmYWxzZSwib3B0aW1pemVSb3V0ZXJTY3JvbGxpbmciOmZhbHNlLCJtaWRkbGV3YXJlQ
2xpZW50TWF4Qm9keVNpemUiOjEwNDg1NzYwLCJvcHRpbWl6ZVBhY2thZ2VJbXBvcnRzIjpbImx1Y2lkZS1yZWFjdCIsImRhdGUtZm5zIiwibG9kYXNoLWVz
IiwicmFtZGEiLCJhbnRkIiwicmVhY3QtYm9vdHN0cmFwIiwiYWhvb2tzIiwiQGFudC1kZXNpZ24vaWNvbnMiLCJAaGVhZGxlc3N1aS9yZWFjdCIsIkBoZWF
kbGVzc3VpLWZsb2F0L3JlYWN0IiwiQGhlcm9pY29ucy9yZWFjdC8yMC9zb2xpZCIsIkBoZXJvaWNvbnMvcmVhY3QvMjQvc29saWQiLCJAaGVyb2ljb25zL3
JlYWN0LzI0L291dGxpbmUiLCJAdmlzeC92aXN4IiwiQHRyZW1vci9yZWFjdCIsInJ4anMiLCJAbXVpL21hdGVyaWFsIiwiQG11aS9pY29ucy1tYXRlcmlhb
CIsInJlY2hhcnRzIiwicmVhY3QtdXNlIiwiZWZmZWN0IiwiQGVmZmVjdC9zY2hlbWEiLCJAZWZmZWN0L3BsYXRmb3JtIiwiQGVmZmVjdC9wbGF0Zm9ybS1u
b2RlIiwiQGVmZmVjdC9wbGF0Zm9ybS1icm93c2VyIiwiQGVmZmVjdC9wbGF0Zm9ybS1idW4iLCJAZWZmZWN0L3NxbCIsIkBlZmZlY3Qvc3FsLW1zc3FsIiw
iQGVmZmVjdC9zcWwtbXlzcWwyIiwiQGVmZmVjdC9zcWwtcGciLCJAZWZmZWN0L3NxbC1zcWxpdGUtbm9kZSIsIkBlZmZlY3Qvc3FsLXNxbGl0ZS1idW4iLC
JAZWZmZWN0L3NxbC1zcWxpdGUtd2FzbSIsIkBlZmZlY3Qvc3FsLXNxbGl0ZS1yZWFjdC1uYXRpdmUiLCJAZWZmZWN0L3JwYyIsIkBlZmZlY3QvcnBjLWh0d
HAiLCJAZWZmZWN0L3R5cGVjbGFzcyIsIkBlZmZlY3QvZXhwZXJpbWVudGFsIiwiQGVmZmVjdC9vcGVudGVsZW1ldHJ5IiwiQG1hdGVyaWFsLXVpL2NvcmUi
LCJAbWF0ZXJpYWwtdWkvaWNvbnMiLCJAdGFibGVyL2ljb25zLXJlYWN0IiwibXVpLWNvcmUiLCJyZWFjdC1pY29ucy9haSIsInJlYWN0LWljb25zL2JpIiw
icmVhY3QtaWNvbnMvYnMiLCJyZWFjdC1pY29ucy9jZyIsInJlYWN0LWljb25zL2NpIiwicmVhY3QtaWNvbnMvZGkiLCJyZWFjdC1pY29ucy9mYSIsInJlYW
N0LWljb25zL2ZhNiIsInJlYWN0LWljb25zL2ZjIiwicmVhY3QtaWNvbnMvZmkiLCJyZWFjdC1pY29ucy9naSIsInJlYWN0LWljb25zL2dvIiwicmVhY3Qta
WNvbnMvZ3IiLCJyZWFjdC1pY29ucy9oaSIsInJlYWN0LWljb25zL2hpMiIsInJlYWN0LWljb25zL2ltIiwicmVhY3QtaWNvbnMvaW8iLCJyZWFjdC1pY29u
cy9pbzUiLCJyZWFjdC1pY29ucy9saWEiLCJyZWFjdC1pY29ucy9saWIiLCJyZWFjdC1pY29ucy9sdSIsInJlYWN0LWljb25zL21kIiwicmVhY3QtaWNvbnM
vcGkiLCJyZWFjdC1pY29ucy9yaSIsInJlYWN0LWljb25zL3J4IiwicmVhY3QtaWNvbnMvc2kiLCJyZWFjdC1pY29ucy9zbCIsInJlYWN0LWljb25zL3RiIi
wicmVhY3QtaWNvbnMvdGZpIiwicmVhY3QtaWNvbnMvdGkiLCJyZWFjdC1pY29ucy92c2MiLCJyZWFjdC1pY29ucy93aSJdfSwiaHRtbExpbWl0ZWRCb3RzI
joiW1xcdy1dKy1Hb29nbGV8R29vZ2xlLVtcXHctXSt8Q2hyb21lLUxpZ2h0aG91c2V8U2x1cnB8RHVja0R1Y2tCb3R8YmFpZHVzcGlkZXJ8eWFuZGV4fHNv
Z291fGJpdGx5Ym90fHR1bWJscnx2a1NoYXJlfHF1b3JhIGxpbmsgcHJldmlld3xyZWRkaXRib3R8aWFfYXJjaGl2ZXJ8QmluZ2JvdHxCaW5nUHJldmlld3x
hcHBsZWJvdHxmYWNlYm9va2V4dGVybmFsaGl0fGZhY2Vib29rY2F0YWxvZ3xUd2l0dGVyYm90fExpbmtlZEluQm90fFNsYWNrYm90fERpc2NvcmRib3R8V2
hhdHNBcHB8U2t5cGVVcmlQcmV2aWV3fFlldGl8Z29vZ2xld2VibGlnaHQiLCJidW5kbGVQYWdlc1JvdXRlckRlcGVuZGVuY2llcyI6ZmFsc2UsImNvbmZpZ
0ZpbGUiOiJDOlxcVXNlcnNcXHphbGl6XFxEb3dubG9hZHNcXENyeXB0b1JTSVxcbmV4dC5jb25maWcudHMiLCJjb25maWdGaWxlTmFtZSI6Im5leHQuY29u
ZmlnLnRzIiwic2VydmVyRXh0ZXJuYWxQYWNrYWdlcyI6WyJwZyJdLCJ0dXJib3BhY2siOnsicm9vdCI6IkM6XFxVc2Vyc1xcemFsaXpcXERvd25sb2Fkc1x
cQ3J5cHRvUlNJIn19&preferredRegion=&middlewareConfig=e30%3D&cacheHandlers=%7B%7D!

./node_modules/pgpass/lib/helper.js:4:1
Module not found: Can't resolve 'stream'
  2 |
  3 | var path = require('path')
> 4 |   , Stream = require('stream').Stream
    | ^
  5 |   , split = require('split2')
  6 |   , util = require('util')
  7 |   , defaultPort = 5432

https://nextjs.org/docs/messages/module-not-found

Import trace for requested module:
./node_modules/pgpass/lib/index.js
./node_modules/pg/lib/client.js
./node_modules/pg/lib/index.js
./node_modules/pg/esm/index.mjs
./lib/prisma.ts
./lib/coin-config.ts
./lib/screener-service.ts
./app/api/og/ [symbol]/route.tsx
./node_modules/next/dist/build/webpack/loaders/next-edge-app-route-loader/index.js?absolutePagePath=private-next-app-di
r%2Fapi%2Fog%2F%20%5Bsymbol%5D%2Froute.tsx&page=%2Fapi%2Fog%2F%20%5Bsymbol%5D%2Froute&appDirLoader=bmV4dC1hcHAtbG9hZGVy
P25hbWU9YXBwJTJGYXBpJTJGb2clMkYlMjAlNUJzeW1ib2wlNUQlMkZyb3V0ZSZwYWdlPSUyRmFwaSUyRm9nJTJGJTIwJTVCc3ltYm9sJTVEJTJGcm91dGU
mcGFnZVBhdGg9cHJpdmF0ZS1uZXh0LWFwcC1kaXIlMkZhcGklMkZvZyUyRiUyMCU1QnN5bWJvbCU1RCUyRnJvdXRlLnRzeCZhcHBEaXI9QyUzQSU1Q1VzZX
JzJTVDemFsaXolNUNEb3dubG9hZHMlNUNDcnlwdG9SU0klNUNhcHAmYXBwUGF0aHM9JTJGYXBpJTJGb2clMkYlMjAlNUJzeW1ib2wlNUQlMkZyb3V0ZSZwY
WdlRXh0ZW5zaW9ucz10c3gmcGFnZUV4dGVuc2lvbnM9dHMmcGFnZUV4dGVuc2lvbnM9anN4JnBhZ2VFeHRlbnNpb25zPWpzJmJhc2VQYXRoPSZhc3NldFBy
ZWZpeD0mbmV4dENvbmZpZ091dHB1dD1zdGFuZGFsb25lJnByZWZlcnJlZFJlZ2lvbj0mbWlkZGxld2FyZUNvbmZpZz1lMzAlM0QmaXNHbG9iYWxOb3RGb3V
uZEVuYWJsZWQ9IQ%3D%3D&nextConfig=eyJlbnYiOnt9LCJlc2xpbnQiOnsiaWdub3JlRHVyaW5nQnVpbGRzIjp0cnVlfSwidHlwZXNjcmlwdCI6eyJpZ2
5vcmVCdWlsZEVycm9ycyI6dHJ1ZSwidHNjb25maWdQYXRoIjoidHNjb25maWcuanNvbiJ9LCJ0eXBlZFJvdXRlcyI6ZmFsc2UsImRpc3REaXIiOiIubmV4d
CIsImNsZWFuRGlzdERpciI6dHJ1ZSwiYXNzZXRQcmVmaXgiOiIiLCJjYWNoZU1heE1lbW9yeVNpemUiOjUyNDI4ODAwLCJjb25maWdPcmlnaW4iOiJuZXh0
LmNvbmZpZy50cyIsInVzZUZpbGVTeXN0ZW1QdWJsaWNSb3V0ZXMiOnRydWUsImdlbmVyYXRlRXRhZ3MiOnRydWUsInBhZ2VFeHRlbnNpb25zIjpbInRzeCI
sInRzIiwianN4IiwianMiXSwicG93ZXJlZEJ5SGVhZGVyIjp0cnVlLCJjb21wcmVzcyI6dHJ1ZSwiaW1hZ2VzIjp7ImRldmljZVNpemVzIjpbNjQwLDc1MC
w4MjgsMTA4MCwxMjAwLDE5MjAsMjA0OCwzODQwXSwiaW1hZ2VTaXplcyI6WzE2LDMyLDQ4LDY0LDk2LDEyOCwyNTYsMzg0XSwicGF0aCI6Ii9fbmV4dC9pb
WFnZSIsImxvYWRlciI6ImRlZmF1bHQiLCJsb2FkZXJGaWxlIjoiIiwiZG9tYWlucyI6W10sImRpc2FibGVTdGF0aWNJbWFnZXMiOmZhbHNlLCJtaW5pbXVt
Q2FjaGVUVEwiOjYwLCJmb3JtYXRzIjpbImltYWdlL3dlYnAiXSwibWF4aW11bVJlc3BvbnNlQm9keSI6NTAwMDAwMDAsImRhbmdlcm91c2x5QWxsb3dTVkc
iOmZhbHNlLCJjb250ZW50U2VjdXJpdHlQb2xpY3kiOiJzY3JpcHQtc3JjICdub25lJzsgZnJhbWUtc3JjICdub25lJzsgc2FuZGJveDsiLCJjb250ZW50RG
lzcG9zaXRpb25UeXBlIjoiYXR0YWNobWVudCIsInJlbW90ZVBhdHRlcm5zIjpbXSwidW5vcHRpbWl6ZWQiOnRydWV9LCJkZXZJbmRpY2F0b3JzIjp7InBvc
2l0aW9uIjoiYm90dG9tLWxlZnQifSwib25EZW1hbmRFbnRyaWVzIjp7Im1heEluYWN0aXZlQWdlIjo2MDAwMCwicGFnZXNCdWZmZXJMZW5ndGgiOjV9LCJh
bXAiOnsiY2Fub25pY2FsQmFzZSI6IiJ9LCJiYXNlUGF0aCI6IiIsInNhc3NPcHRpb25zIjp7fSwidHJhaWxpbmdTbGFzaCI6ZmFsc2UsImkxOG4iOm51bGw
sInByb2R1Y3Rpb25Ccm93c2VyU291cmNlTWFwcyI6ZmFsc2UsImV4Y2x1ZGVEZWZhdWx0TW9tZW50TG9jYWxlcyI6dHJ1ZSwic2VydmVyUnVudGltZUNvbm
ZpZyI6e30sInB1YmxpY1J1bnRpbWVDb25maWciOnt9LCJyZWFjdFByb2R1Y3Rpb25Qcm9maWxpbmciOmZhbHNlLCJyZWFjdFN0cmljdE1vZGUiOm51bGwsI
nJlYWN0TWF4SGVhZGVyc0xlbmd0aCI6NjAwMCwiaHR0cEFnZW50T3B0aW9ucyI6eyJrZWVwQWxpdmUiOnRydWV9LCJsb2dnaW5nIjp7ImZldGNoZXMiOnsi
ZnVsbFVybCI6ZmFsc2V9fSwiY29tcGlsZXIiOnt9LCJleHBpcmVUaW1lIjozMTUzNjAwMCwic3RhdGljUGFnZUdlbmVyYXRpb25UaW1lb3V0Ijo2MCwib3V
0cHV0Ijoic3RhbmRhbG9uZSIsIm1vZHVsYXJpemVJbXBvcnRzIjp7IkBtdWkvaWNvbnMtbWF0ZXJpYWwiOnsidHJhbnNmb3JtIjoiQG11aS9pY29ucy1tYX
RlcmlhbC97e21lbWJlcn19In0sImxvZGFzaCI6eyJ0cmFuc2Zvcm0iOiJsb2Rhc2gve3ttZW1iZXJ9fSJ9fSwib3V0cHV0RmlsZVRyYWNpbmdSb290IjoiQ
zpcXFVzZXJzXFx6YWxpelxcRG93bmxvYWRzXFxDcnlwdG9SU0kiLCJleHBlcmltZW50YWwiOnsidXNlU2tld0Nvb2tpZSI6ZmFsc2UsImNhY2hlTGlmZSI6
eyJkZWZhdWx0Ijp7InN0YWxlIjozMDAsInJldmFsaWRhdGUiOjkwMCwiZXhwaXJlIjo0Mjk0OTY3Mjk0fSwic2Vjb25kcyI6eyJzdGFsZSI6MzAsInJldmF
saWRhdGUiOjEsImV4cGlyZSI6NjB9LCJtaW51dGVzIjp7InN0YWxlIjozMDAsInJldmFsaWRhdGUiOjYwLCJleHBpcmUiOjM2MDB9LCJob3VycyI6eyJzdG
FsZSI6MzAwLCJyZXZhbGlkYXRlIjozNjAwLCJleHBpcmUiOjg2NDAwfSwiZGF5cyI6eyJzdGFsZSI6MzAwLCJyZXZhbGlkYXRlIjo4NjQwMCwiZXhwaXJlI
jo2MDQ4MDB9LCJ3ZWVrcyI6eyJzdGFsZSI6MzAwLCJyZXZhbGlkYXRlIjo2MDQ4MDAsImV4cGlyZSI6MjU5MjAwMH0sIm1heCI6eyJzdGFsZSI6MzAwLCJy
ZXZhbGlkYXRlIjoyNTkyMDAwLCJleHBpcmUiOjQyOTQ5NjcyOTR9fSwiY2FjaGVIYW5kbGVycyI6e30sImNzc0NodW5raW5nIjp0cnVlLCJtdWx0aVpvbmV
EcmFmdE1vZGUiOmZhbHNlLCJhcHBOYXZGYWlsSGFuZGxpbmciOmZhbHNlLCJwcmVyZW5kZXJFYXJseUV4aXQiOnRydWUsInNlcnZlck1pbmlmaWNhdGlvbi
I6dHJ1ZSwic2VydmVyU291cmNlTWFwcyI6ZmFsc2UsImxpbmtOb1RvdWNoU3RhcnQiOmZhbHNlLCJjYXNlU2Vuc2l0aXZlUm91dGVzIjpmYWxzZSwiY2xpZ
W50U2VnbWVudENhY2hlIjpmYWxzZSwiY2xpZW50UGFyYW1QYXJzaW5nIjpmYWxzZSwiZHluYW1pY09uSG92ZXIiOmZhbHNlLCJwcmVsb2FkRW50cmllc09u
U3RhcnQiOnRydWUsImNsaWVudFJvdXRlckZpbHRlciI6dHJ1ZSwiY2xpZW50Um91dGVyRmlsdGVyUmVkaXJlY3RzIjpmYWxzZSwiZmV0Y2hDYWNoZUtleVB
yZWZpeCI6IiIsIm1pZGRsZXdhcmVQcmVmZXRjaCI6ImZsZXhpYmxlIiwib3B0aW1pc3RpY0NsaWVudENhY2hlIjp0cnVlLCJtYW51YWxDbGllbnRCYXNlUG
F0aCI6ZmFsc2UsImNwdXMiOjMsIm1lbW9yeUJhc2VkV29ya2Vyc0NvdW50IjpmYWxzZSwiaW1nT3B0Q29uY3VycmVuY3kiOm51bGwsImltZ09wdFRpbWVvd
XRJblNlY29uZHMiOjcsImltZ09wdE1heElucHV0UGl4ZWxzIjoyNjg0MDI2ODksImltZ09wdFNlcXVlbnRpYWxSZWFkIjpudWxsLCJpbWdPcHRTa2lwTWV0
YWRhdGEiOm51bGwsImlzckZsdXNoVG9EaXNrIjp0cnVlLCJ3b3JrZXJUaHJlYWRzIjpmYWxzZSwib3B0aW1pemVDc3MiOmZhbHNlLCJuZXh0U2NyaXB0V29
ya2VycyI6ZmFsc2UsInNjcm9sbFJlc3RvcmF0aW9uIjpmYWxzZSwiZXh0ZXJuYWxEaXIiOmZhbHNlLCJkaXNhYmxlT3B0aW1pemVkTG9hZGluZyI6ZmFsc2
UsImd6aXBTaXplIjp0cnVlLCJjcmFDb21wYXQiOmZhbHNlLCJlc21FeHRlcm5hbHMiOnRydWUsImZ1bGx5U3BlY2lmaWVkIjpmYWxzZSwic3djVHJhY2VQc
m9maWxpbmciOmZhbHNlLCJmb3JjZVN3Y1RyYW5zZm9ybXMiOmZhbHNlLCJsYXJnZVBhZ2VEYXRhQnl0ZXMiOjEyODAwMCwidHlwZWRFbnYiOmZhbHNlLCJw
YXJhbGxlbFNlcnZlckNvbXBpbGVzIjpmYWxzZSwicGFyYWxsZWxTZXJ2ZXJCdWlsZFRyYWNlcyI6ZmFsc2UsInBwciI6ZmFsc2UsImF1dGhJbnRlcnJ1cHR
zIjpmYWxzZSwid2VicGFja01lbW9yeU9wdGltaXphdGlvbnMiOmZhbHNlLCJvcHRpbWl6ZVNlcnZlclJlYWN0Ijp0cnVlLCJ2aWV3VHJhbnNpdGlvbiI6Zm
Fsc2UsInJvdXRlckJGQ2FjaGUiOmZhbHNlLCJyZW1vdmVVbmNhdWdodEVycm9yQW5kUmVqZWN0aW9uTGlzdGVuZXJzIjpmYWxzZSwidmFsaWRhdGVSU0NSZ
XF1ZXN0SGVhZGVycyI6ZmFsc2UsInN0YWxlVGltZXMiOnsiZHluYW1pYyI6MCwic3RhdGljIjozMDB9LCJzZXJ2ZXJDb21wb25lbnRzSG1yQ2FjaGUiOnRy
dWUsInN0YXRpY0dlbmVyYXRpb25NYXhDb25jdXJyZW5jeSI6OCwic3RhdGljR2VuZXJhdGlvbk1pblBhZ2VzUGVyV29ya2VyIjoyNSwiY2FjaGVDb21wb25
lbnRzIjpmYWxzZSwiaW5saW5lQ3NzIjpmYWxzZSwidXNlQ2FjaGUiOmZhbHNlLCJnbG9iYWxOb3RGb3VuZCI6ZmFsc2UsImRldnRvb2xTZWdtZW50RXhwbG
9yZXIiOnRydWUsImJyb3dzZXJEZWJ1Z0luZm9JblRlcm1pbmFsIjpmYWxzZSwib3B0aW1pemVSb3V0ZXJTY3JvbGxpbmciOmZhbHNlLCJtaWRkbGV3YXJlQ
2xpZW50TWF4Qm9keVNpemUiOjEwNDg1NzYwLCJvcHRpbWl6ZVBhY2thZ2VJbXBvcnRzIjpbImx1Y2lkZS1yZWFjdCIsImRhdGUtZm5zIiwibG9kYXNoLWVz
IiwicmFtZGEiLCJhbnRkIiwicmVhY3QtYm9vdHN0cmFwIiwiYWhvb2tzIiwiQGFudC1kZXNpZ24vaWNvbnMiLCJAaGVhZGxlc3N1aS9yZWFjdCIsIkBoZWF
kbGVzc3VpLWZsb2F0L3JlYWN0IiwiQGhlcm9pY29ucy9yZWFjdC8yMC9zb2xpZCIsIkBoZXJvaWNvbnMvcmVhY3QvMjQvc29saWQiLCJAaGVyb2ljb25zL3
JlYWN0LzI0L291dGxpbmUiLCJAdmlzeC92aXN4IiwiQHRyZW1vci9yZWFjdCIsInJ4anMiLCJAbXVpL21hdGVyaWFsIiwiQG11aS9pY29ucy1tYXRlcmlhb
CIsInJlY2hhcnRzIiwicmVhY3QtdXNlIiwiZWZmZWN0IiwiQGVmZmVjdC9zY2hlbWEiLCJAZWZmZWN0L3BsYXRmb3JtIiwiQGVmZmVjdC9wbGF0Zm9ybS1u
b2RlIiwiQGVmZmVjdC9wbGF0Zm9ybS1icm93c2VyIiwiQGVmZmVjdC9wbGF0Zm9ybS1idW4iLCJAZWZmZWN0L3NxbCIsIkBlZmZlY3Qvc3FsLW1zc3FsIiw
iQGVmZmVjdC9zcWwtbXlzcWwyIiwiQGVmZmVjdC9zcWwtcGciLCJAZWZmZWN0L3NxbC1zcWxpdGUtbm9kZSIsIkBlZmZlY3Qvc3FsLXNxbGl0ZS1idW4iLC
JAZWZmZWN0L3NxbC1zcWxpdGUtd2FzbSIsIkBlZmZlY3Qvc3FsLXNxbGl0ZS1yZWFjdC1uYXRpdmUiLCJAZWZmZWN0L3JwYyIsIkBlZmZlY3QvcnBjLWh0d
HAiLCJAZWZmZWN0L3R5cGVjbGFzcyIsIkBlZmZlY3QvZXhwZXJpbWVudGFsIiwiQGVmZmVjdC9vcGVudGVsZW1ldHJ5IiwiQG1hdGVyaWFsLXVpL2NvcmUi
LCJAbWF0ZXJpYWwtdWkvaWNvbnMiLCJAdGFibGVyL2ljb25zLXJlYWN0IiwibXVpLWNvcmUiLCJyZWFjdC1pY29ucy9haSIsInJlYWN0LWljb25zL2JpIiw
icmVhY3QtaWNvbnMvYnMiLCJyZWFjdC1pY29ucy9jZyIsInJlYWN0LWljb25zL2NpIiwicmVhY3QtaWNvbnMvZGkiLCJyZWFjdC1pY29ucy9mYSIsInJlYW
N0LWljb25zL2ZhNiIsInJlYWN0LWljb25zL2ZjIiwicmVhY3QtaWNvbnMvZmkiLCJyZWFjdC1pY29ucy9naSIsInJlYWN0LWljb25zL2dvIiwicmVhY3Qta
WNvbnMvZ3IiLCJyZWFjdC1pY29ucy9oaSIsInJlYWN0LWljb25zL2hpMiIsInJlYWN0LWljb25zL2ltIiwicmVhY3QtaWNvbnMvaW8iLCJyZWFjdC1pY29u
cy9pbzUiLCJyZWFjdC1pY29ucy9saWEiLCJyZWFjdC1pY29ucy9saWIiLCJyZWFjdC1pY29ucy9sdSIsInJlYWN0LWljb25zL21kIiwicmVhY3QtaWNvbnM
vcGkiLCJyZWFjdC1pY29ucy9yaSIsInJlYWN0LWljb25zL3J4IiwicmVhY3QtaWNvbnMvc2kiLCJyZWFjdC1pY29ucy9zbCIsInJlYWN0LWljb25zL3RiIi
wicmVhY3QtaWNvbnMvdGZpIiwicmVhY3QtaWNvbnMvdGkiLCJyZWFjdC1pY29ucy92c2MiLCJyZWFjdC1pY29ucy93aSJdfSwiaHRtbExpbWl0ZWRCb3RzI
joiW1xcdy1dKy1Hb29nbGV8R29vZ2xlLVtcXHctXSt8Q2hyb21lLUxpZ2h0aG91c2V8U2x1cnB8RHVja0R1Y2tCb3R8YmFpZHVzcGlkZXJ8eWFuZGV4fHNv
Z291fGJpdGx5Ym90fHR1bWJscnx2a1NoYXJlfHF1b3JhIGxpbmsgcHJldmlld3xyZWRkaXRib3R8aWFfYXJjaGl2ZXJ8QmluZ2JvdHxCaW5nUHJldmlld3x
hcHBsZWJvdHxmYWNlYm9va2V4dGVybmFsaGl0fGZhY2Vib29rY2F0YWxvZ3xUd2l0dGVyYm90fExpbmtlZEluQm90fFNsYWNrYm90fERpc2NvcmRib3R8V2
hhdHNBcHB8U2t5cGVVcmlQcmV2aWV3fFlldGl8Z29vZ2xld2VibGlnaHQiLCJidW5kbGVQYWdlc1JvdXRlckRlcGVuZGVuY2llcyI6ZmFsc2UsImNvbmZpZ
0ZpbGUiOiJDOlxcVXNlcnNcXHphbGl6XFxEb3dubG9hZHNcXENyeXB0b1JTSVxcbmV4dC5jb25maWcudHMiLCJjb25maWdGaWxlTmFtZSI6Im5leHQuY29u
ZmlnLnRzIiwic2VydmVyRXh0ZXJuYWxQYWNrYWdlcyI6WyJwZyJdLCJ0dXJib3BhY2siOnsicm9vdCI6IkM6XFxVc2Vyc1xcemFsaXpcXERvd25sb2Fkc1x
cQ3J5cHRvUlNJIn19&preferredRegion=&middlewareConfig=e30%3D&cacheHandlers=%7B%7D!

./node_modules/pgpass/lib/index.js:3:1
Module not found: Can't resolve 'path'
  1 | 'use strict';
  2 |
> 3 | var path = require('path')
    | ^
  4 |   , fs = require('fs')
  5 |   , helper = require('./helper.js')
  6 | ;

https://nextjs.org/docs/messages/module-not-found

Import trace for requested module:
./node_modules/pg/lib/client.js
./node_modules/pg/lib/index.js
./node_modules/pg/esm/index.mjs
./lib/prisma.ts
./lib/coin-config.ts
./lib/screener-service.ts
./app/api/og/ [symbol]/route.tsx
./node_modules/next/dist/build/webpack/loaders/next-edge-app-route-loader/index.js?absolutePagePath=private-next-app-di
r%2Fapi%2Fog%2F%20%5Bsymbol%5D%2Froute.tsx&page=%2Fapi%2Fog%2F%20%5Bsymbol%5D%2Froute&appDirLoader=bmV4dC1hcHAtbG9hZGVy
P25hbWU9YXBwJTJGYXBpJTJGb2clMkYlMjAlNUJzeW1ib2wlNUQlMkZyb3V0ZSZwYWdlPSUyRmFwaSUyRm9nJTJGJTIwJTVCc3ltYm9sJTVEJTJGcm91dGU
mcGFnZVBhdGg9cHJpdmF0ZS1uZXh0LWFwcC1kaXIlMkZhcGklMkZvZyUyRiUyMCU1QnN5bWJvbCU1RCUyRnJvdXRlLnRzeCZhcHBEaXI9QyUzQSU1Q1VzZX
JzJTVDemFsaXolNUNEb3dubG9hZHMlNUNDcnlwdG9SU0klNUNhcHAmYXBwUGF0aHM9JTJGYXBpJTJGb2clMkYlMjAlNUJzeW1ib2wlNUQlMkZyb3V0ZSZwY
WdlRXh0ZW5zaW9ucz10c3gmcGFnZUV4dGVuc2lvbnM9dHMmcGFnZUV4dGVuc2lvbnM9anN4JnBhZ2VFeHRlbnNpb25zPWpzJmJhc2VQYXRoPSZhc3NldFBy
ZWZpeD0mbmV4dENvbmZpZ091dHB1dD1zdGFuZGFsb25lJnByZWZlcnJlZFJlZ2lvbj0mbWlkZGxld2FyZUNvbmZpZz1lMzAlM0QmaXNHbG9iYWxOb3RGb3V
uZEVuYWJsZWQ9IQ%3D%3D&nextConfig=eyJlbnYiOnt9LCJlc2xpbnQiOnsiaWdub3JlRHVyaW5nQnVpbGRzIjp0cnVlfSwidHlwZXNjcmlwdCI6eyJpZ2
5vcmVCdWlsZEVycm9ycyI6dHJ1ZSwidHNjb25maWdQYXRoIjoidHNjb25maWcuanNvbiJ9LCJ0eXBlZFJvdXRlcyI6ZmFsc2UsImRpc3REaXIiOiIubmV4d
CIsImNsZWFuRGlzdERpciI6dHJ1ZSwiYXNzZXRQcmVmaXgiOiIiLCJjYWNoZU1heE1lbW9yeVNpemUiOjUyNDI4ODAwLCJjb25maWdPcmlnaW4iOiJuZXh0
LmNvbmZpZy50cyIsInVzZUZpbGVTeXN0ZW1QdWJsaWNSb3V0ZXMiOnRydWUsImdlbmVyYXRlRXRhZ3MiOnRydWUsInBhZ2VFeHRlbnNpb25zIjpbInRzeCI
sInRzIiwianN4IiwianMiXSwicG93ZXJlZEJ5SGVhZGVyIjp0cnVlLCJjb21wcmVzcyI6dHJ1ZSwiaW1hZ2VzIjp7ImRldmljZVNpemVzIjpbNjQwLDc1MC
w4MjgsMTA4MCwxMjAwLDE5MjAsMjA0OCwzODQwXSwiaW1hZ2VTaXplcyI6WzE2LDMyLDQ4LDY0LDk2LDEyOCwyNTYsMzg0XSwicGF0aCI6Ii9fbmV4dC9pb
WFnZSIsImxvYWRlciI6ImRlZmF1bHQiLCJsb2FkZXJGaWxlIjoiIiwiZG9tYWlucyI6W10sImRpc2FibGVTdGF0aWNJbWFnZXMiOmZhbHNlLCJtaW5pbXVt
Q2FjaGVUVEwiOjYwLCJmb3JtYXRzIjpbImltYWdlL3dlYnAiXSwibWF4aW11bVJlc3BvbnNlQm9keSI6NTAwMDAwMDAsImRhbmdlcm91c2x5QWxsb3dTVkc
iOmZhbHNlLCJjb250ZW50U2VjdXJpdHlQb2xpY3kiOiJzY3JpcHQtc3JjICdub25lJzsgZnJhbWUtc3JjICdub25lJzsgc2FuZGJveDsiLCJjb250ZW50RG
lzcG9zaXRpb25UeXBlIjoiYXR0YWNobWVudCIsInJlbW90ZVBhdHRlcm5zIjpbXSwidW5vcHRpbWl6ZWQiOnRydWV9LCJkZXZJbmRpY2F0b3JzIjp7InBvc
2l0aW9uIjoiYm90dG9tLWxlZnQifSwib25EZW1hbmRFbnRyaWVzIjp7Im1heEluYWN0aXZlQWdlIjo2MDAwMCwicGFnZXNCdWZmZXJMZW5ndGgiOjV9LCJh
bXAiOnsiY2Fub25pY2FsQmFzZSI6IiJ9LCJiYXNlUGF0aCI6IiIsInNhc3NPcHRpb25zIjp7fSwidHJhaWxpbmdTbGFzaCI6ZmFsc2UsImkxOG4iOm51bGw
sInByb2R1Y3Rpb25Ccm93c2VyU291cmNlTWFwcyI6ZmFsc2UsImV4Y2x1ZGVEZWZhdWx0TW9tZW50TG9jYWxlcyI6dHJ1ZSwic2VydmVyUnVudGltZUNvbm
ZpZyI6e30sInB1YmxpY1J1bnRpbWVDb25maWciOnt9LCJyZWFjdFByb2R1Y3Rpb25Qcm9maWxpbmciOmZhbHNlLCJyZWFjdFN0cmljdE1vZGUiOm51bGwsI
nJlYWN0TWF4SGVhZGVyc0xlbmd0aCI6NjAwMCwiaHR0cEFnZW50T3B0aW9ucyI6eyJrZWVwQWxpdmUiOnRydWV9LCJsb2dnaW5nIjp7ImZldGNoZXMiOnsi
ZnVsbFVybCI6ZmFsc2V9fSwiY29tcGlsZXIiOnt9LCJleHBpcmVUaW1lIjozMTUzNjAwMCwic3RhdGljUGFnZUdlbmVyYXRpb25UaW1lb3V0Ijo2MCwib3V
0cHV0Ijoic3RhbmRhbG9uZSIsIm1vZHVsYXJpemVJbXBvcnRzIjp7IkBtdWkvaWNvbnMtbWF0ZXJpYWwiOnsidHJhbnNmb3JtIjoiQG11aS9pY29ucy1tYX
RlcmlhbC97e21lbWJlcn19In0sImxvZGFzaCI6eyJ0cmFuc2Zvcm0iOiJsb2Rhc2gve3ttZW1iZXJ9fSJ9fSwib3V0cHV0RmlsZVRyYWNpbmdSb290IjoiQ
zpcXFVzZXJzXFx6YWxpelxcRG93bmxvYWRzXFxDcnlwdG9SU0kiLCJleHBlcmltZW50YWwiOnsidXNlU2tld0Nvb2tpZSI6ZmFsc2UsImNhY2hlTGlmZSI6
eyJkZWZhdWx0Ijp7InN0YWxlIjozMDAsInJldmFsaWRhdGUiOjkwMCwiZXhwaXJlIjo0Mjk0OTY3Mjk0fSwic2Vjb25kcyI6eyJzdGFsZSI6MzAsInJldmF
saWRhdGUiOjEsImV4cGlyZSI6NjB9LCJtaW51dGVzIjp7InN0YWxlIjozMDAsInJldmFsaWRhdGUiOjYwLCJleHBpcmUiOjM2MDB9LCJob3VycyI6eyJzdG
FsZSI6MzAwLCJyZXZhbGlkYXRlIjozNjAwLCJleHBpcmUiOjg2NDAwfSwiZGF5cyI6eyJzdGFsZSI6MzAwLCJyZXZhbGlkYXRlIjo4NjQwMCwiZXhwaXJlI
jo2MDQ4MDB9LCJ3ZWVrcyI6eyJzdGFsZSI6MzAwLCJyZXZhbGlkYXRlIjo2MDQ4MDAsImV4cGlyZSI6MjU5MjAwMH0sIm1heCI6eyJzdGFsZSI6MzAwLCJy
ZXZhbGlkYXRlIjoyNTkyMDAwLCJleHBpcmUiOjQyOTQ5NjcyOTR9fSwiY2FjaGVIYW5kbGVycyI6e30sImNzc0NodW5raW5nIjp0cnVlLCJtdWx0aVpvbmV
EcmFmdE1vZGUiOmZhbHNlLCJhcHBOYXZGYWlsSGFuZGxpbmciOmZhbHNlLCJwcmVyZW5kZXJFYXJseUV4aXQiOnRydWUsInNlcnZlck1pbmlmaWNhdGlvbi
I6dHJ1ZSwic2VydmVyU291cmNlTWFwcyI6ZmFsc2UsImxpbmtOb1RvdWNoU3RhcnQiOmZhbHNlLCJjYXNlU2Vuc2l0aXZlUm91dGVzIjpmYWxzZSwiY2xpZ
W50U2VnbWVudENhY2hlIjpmYWxzZSwiY2xpZW50UGFyYW1QYXJzaW5nIjpmYWxzZSwiZHluYW1pY09uSG92ZXIiOmZhbHNlLCJwcmVsb2FkRW50cmllc09u
U3RhcnQiOnRydWUsImNsaWVudFJvdXRlckZpbHRlciI6dHJ1ZSwiY2xpZW50Um91dGVyRmlsdGVyUmVkaXJlY3RzIjpmYWxzZSwiZmV0Y2hDYWNoZUtleVB
yZWZpeCI6IiIsIm1pZGRsZXdhcmVQcmVmZXRjaCI6ImZsZXhpYmxlIiwib3B0aW1pc3RpY0NsaWVudENhY2hlIjp0cnVlLCJtYW51YWxDbGllbnRCYXNlUG
F0aCI6ZmFsc2UsImNwdXMiOjMsIm1lbW9yeUJhc2VkV29ya2Vyc0NvdW50IjpmYWxzZSwiaW1nT3B0Q29uY3VycmVuY3kiOm51bGwsImltZ09wdFRpbWVvd
XRJblNlY29uZHMiOjcsImltZ09wdE1heElucHV0UGl4ZWxzIjoyNjg0MDI2ODksImltZ09wdFNlcXVlbnRpYWxSZWFkIjpudWxsLCJpbWdPcHRTa2lwTWV0
YWRhdGEiOm51bGwsImlzckZsdXNoVG9EaXNrIjp0cnVlLCJ3b3JrZXJUaHJlYWRzIjpmYWxzZSwib3B0aW1pemVDc3MiOmZhbHNlLCJuZXh0U2NyaXB0V29
ya2VycyI6ZmFsc2UsInNjcm9sbFJlc3RvcmF0aW9uIjpmYWxzZSwiZXh0ZXJuYWxEaXIiOmZhbHNlLCJkaXNhYmxlT3B0aW1pemVkTG9hZGluZyI6ZmFsc2
UsImd6aXBTaXplIjp0cnVlLCJjcmFDb21wYXQiOmZhbHNlLCJlc21FeHRlcm5hbHMiOnRydWUsImZ1bGx5U3BlY2lmaWVkIjpmYWxzZSwic3djVHJhY2VQc
m9maWxpbmciOmZhbHNlLCJmb3JjZVN3Y1RyYW5zZm9ybXMiOmZhbHNlLCJsYXJnZVBhZ2VEYXRhQnl0ZXMiOjEyODAwMCwidHlwZWRFbnYiOmZhbHNlLCJw
YXJhbGxlbFNlcnZlckNvbXBpbGVzIjpmYWxzZSwicGFyYWxsZWxTZXJ2ZXJCdWlsZFRyYWNlcyI6ZmFsc2UsInBwciI6ZmFsc2UsImF1dGhJbnRlcnJ1cHR
zIjpmYWxzZSwid2VicGFja01lbW9yeU9wdGltaXphdGlvbnMiOmZhbHNlLCJvcHRpbWl6ZVNlcnZlclJlYWN0Ijp0cnVlLCJ2aWV3VHJhbnNpdGlvbiI6Zm
Fsc2UsInJvdXRlckJGQ2FjaGUiOmZhbHNlLCJyZW1vdmVVbmNhdWdodEVycm9yQW5kUmVqZWN0aW9uTGlzdGVuZXJzIjpmYWxzZSwidmFsaWRhdGVSU0NSZ
XF1ZXN0SGVhZGVycyI6ZmFsc2UsInN0YWxlVGltZXMiOnsiZHluYW1pYyI6MCwic3RhdGljIjozMDB9LCJzZXJ2ZXJDb21wb25lbnRzSG1yQ2FjaGUiOnRy
dWUsInN0YXRpY0dlbmVyYXRpb25NYXhDb25jdXJyZW5jeSI6OCwic3RhdGljR2VuZXJhdGlvbk1pblBhZ2VzUGVyV29ya2VyIjoyNSwiY2FjaGVDb21wb25
lbnRzIjpmYWxzZSwiaW5saW5lQ3NzIjpmYWxzZSwidXNlQ2FjaGUiOmZhbHNlLCJnbG9iYWxOb3RGb3VuZCI6ZmFsc2UsImRldnRvb2xTZWdtZW50RXhwbG
9yZXIiOnRydWUsImJyb3dzZXJEZWJ1Z0luZm9JblRlcm1pbmFsIjpmYWxzZSwib3B0aW1pemVSb3V0ZXJTY3JvbGxpbmciOmZhbHNlLCJtaWRkbGV3YXJlQ
2xpZW50TWF4Qm9keVNpemUiOjEwNDg1NzYwLCJvcHRpbWl6ZVBhY2thZ2VJbXBvcnRzIjpbImx1Y2lkZS1yZWFjdCIsImRhdGUtZm5zIiwibG9kYXNoLWVz
IiwicmFtZGEiLCJhbnRkIiwicmVhY3QtYm9vdHN0cmFwIiwiYWhvb2tzIiwiQGFudC1kZXNpZ24vaWNvbnMiLCJAaGVhZGxlc3N1aS9yZWFjdCIsIkBoZWF
kbGVzc3VpLWZsb2F0L3JlYWN0IiwiQGhlcm9pY29ucy9yZWFjdC8yMC9zb2xpZCIsIkBoZXJvaWNvbnMvcmVhY3QvMjQvc29saWQiLCJAaGVyb2ljb25zL3
JlYWN0LzI0L291dGxpbmUiLCJAdmlzeC92aXN4IiwiQHRyZW1vci9yZWFjdCIsInJ4anMiLCJAbXVpL21hdGVyaWFsIiwiQG11aS9pY29ucy1tYXRlcmlhb
CIsInJlY2hhcnRzIiwicmVhY3QtdXNlIiwiZWZmZWN0IiwiQGVmZmVjdC9zY2hlbWEiLCJAZWZmZWN0L3BsYXRmb3JtIiwiQGVmZmVjdC9wbGF0Zm9ybS1u
b2RlIiwiQGVmZmVjdC9wbGF0Zm9ybS1icm93c2VyIiwiQGVmZmVjdC9wbGF0Zm9ybS1idW4iLCJAZWZmZWN0L3NxbCIsIkBlZmZlY3Qvc3FsLW1zc3FsIiw
iQGVmZmVjdC9zcWwtbXlzcWwyIiwiQGVmZmVjdC9zcWwtcGciLCJAZWZmZWN0L3NxbC1zcWxpdGUtbm9kZSIsIkBlZmZlY3Qvc3FsLXNxbGl0ZS1idW4iLC
JAZWZmZWN0L3NxbC1zcWxpdGUtd2FzbSIsIkBlZmZlY3Qvc3FsLXNxbGl0ZS1yZWFjdC1uYXRpdmUiLCJAZWZmZWN0L3JwYyIsIkBlZmZlY3QvcnBjLWh0d
HAiLCJAZWZmZWN0L3R5cGVjbGFzcyIsIkBlZmZlY3QvZXhwZXJpbWVudGFsIiwiQGVmZmVjdC9vcGVudGVsZW1ldHJ5IiwiQG1hdGVyaWFsLXVpL2NvcmUi
LCJAbWF0ZXJpYWwtdWkvaWNvbnMiLCJAdGFibGVyL2ljb25zLXJlYWN0IiwibXVpLWNvcmUiLCJyZWFjdC1pY29ucy9haSIsInJlYWN0LWljb25zL2JpIiw
icmVhY3QtaWNvbnMvYnMiLCJyZWFjdC1pY29ucy9jZyIsInJlYWN0LWljb25zL2NpIiwicmVhY3QtaWNvbnMvZGkiLCJyZWFjdC1pY29ucy9mYSIsInJlYW
N0LWljb25zL2ZhNiIsInJlYWN0LWljb25zL2ZjIiwicmVhY3QtaWNvbnMvZmkiLCJyZWFjdC1pY29ucy9naSIsInJlYWN0LWljb25zL2dvIiwicmVhY3Qta
WNvbnMvZ3IiLCJyZWFjdC1pY29ucy9oaSIsInJlYWN0LWljb25zL2hpMiIsInJlYWN0LWljb25zL2ltIiwicmVhY3QtaWNvbnMvaW8iLCJyZWFjdC1pY29u
cy9pbzUiLCJyZWFjdC1pY29ucy9saWEiLCJyZWFjdC1pY29ucy9saWIiLCJyZWFjdC1pY29ucy9sdSIsInJlYWN0LWljb25zL21kIiwicmVhY3QtaWNvbnM
vcGkiLCJyZWFjdC1pY29ucy9yaSIsInJlYWN0LWljb25zL3J4IiwicmVhY3QtaWNvbnMvc2kiLCJyZWFjdC1pY29ucy9zbCIsInJlYWN0LWljb25zL3RiIi
wicmVhY3QtaWNvbnMvdGZpIiwicmVhY3QtaWNvbnMvdGkiLCJyZWFjdC1pY29ucy92c2MiLCJyZWFjdC1pY29ucy93aSJdfSwiaHRtbExpbWl0ZWRCb3RzI
joiW1xcdy1dKy1Hb29nbGV8R29vZ2xlLVtcXHctXSt8Q2hyb21lLUxpZ2h0aG91c2V8U2x1cnB8RHVja0R1Y2tCb3R8YmFpZHVzcGlkZXJ8eWFuZGV4fHNv
Z291fGJpdGx5Ym90fHR1bWJscnx2a1NoYXJlfHF1b3JhIGxpbmsgcHJldmlld3xyZWRkaXRib3R8aWFfYXJjaGl2ZXJ8QmluZ2JvdHxCaW5nUHJldmlld3x
hcHBsZWJvdHxmYWNlYm9va2V4dGVybmFsaGl0fGZhY2Vib29rY2F0YWxvZ3xUd2l0dGVyYm90fExpbmtlZEluQm90fFNsYWNrYm90fERpc2NvcmRib3R8V2
hhdHNBcHB8U2t5cGVVcmlQcmV2aWV3fFlldGl8Z29vZ2xld2VibGlnaHQiLCJidW5kbGVQYWdlc1JvdXRlckRlcGVuZGVuY2llcyI6ZmFsc2UsImNvbmZpZ
0ZpbGUiOiJDOlxcVXNlcnNcXHphbGl6XFxEb3dubG9hZHNcXENyeXB0b1JTSVxcbmV4dC5jb25maWcudHMiLCJjb25maWdGaWxlTmFtZSI6Im5leHQuY29u
ZmlnLnRzIiwic2VydmVyRXh0ZXJuYWxQYWNrYWdlcyI6WyJwZyJdLCJ0dXJib3BhY2siOnsicm9vdCI6IkM6XFxVc2Vyc1xcemFsaXpcXERvd25sb2Fkc1x
cQ3J5cHRvUlNJIn19&preferredRegion=&middlewareConfig=e30%3D&cacheHandlers=%7B%7D!

./node_modules/pgpass/lib/index.js:4:1
Module not found: Can't resolve 'fs'
  2 |
  3 | var path = require('path')
> 4 |   , fs = require('fs')
    | ^
  5 |   , helper = require('./helper.js')
  6 | ;
  7 |

https://nextjs.org/docs/messages/module-not-found

Import trace for requested module:
./node_modules/pg/lib/client.js
./node_modules/pg/lib/index.js
./node_modules/pg/esm/index.mjs
./lib/prisma.ts
./lib/coin-config.ts
./lib/screener-service.ts
./app/api/og/ [symbol]/route.tsx
./node_modules/next/dist/build/webpack/loaders/next-edge-app-route-loader/index.js?absolutePagePath=private-next-app-di
r%2Fapi%2Fog%2F%20%5Bsymbol%5D%2Froute.tsx&page=%2Fapi%2Fog%2F%20%5Bsymbol%5D%2Froute&appDirLoader=bmV4dC1hcHAtbG9hZGVy
P25hbWU9YXBwJTJGYXBpJTJGb2clMkYlMjAlNUJzeW1ib2wlNUQlMkZyb3V0ZSZwYWdlPSUyRmFwaSUyRm9nJTJGJTIwJTVCc3ltYm9sJTVEJTJGcm91dGU
mcGFnZVBhdGg9cHJpdmF0ZS1uZXh0LWFwcC1kaXIlMkZhcGklMkZvZyUyRiUyMCU1QnN5bWJvbCU1RCUyRnJvdXRlLnRzeCZhcHBEaXI9QyUzQSU1Q1VzZX
JzJTVDemFsaXolNUNEb3dubG9hZHMlNUNDcnlwdG9SU0klNUNhcHAmYXBwUGF0aHM9JTJGYXBpJTJGb2clMkYlMjAlNUJzeW1ib2wlNUQlMkZyb3V0ZSZwY
WdlRXh0ZW5zaW9ucz10c3gmcGFnZUV4dGVuc2lvbnM9dHMmcGFnZUV4dGVuc2lvbnM9anN4JnBhZ2VFeHRlbnNpb25zPWpzJmJhc2VQYXRoPSZhc3NldFBy
ZWZpeD0mbmV4dENvbmZpZ091dHB1dD1zdGFuZGFsb25lJnByZWZlcnJlZFJlZ2lvbj0mbWlkZGxld2FyZUNvbmZpZz1lMzAlM0QmaXNHbG9iYWxOb3RGb3V
uZEVuYWJsZWQ9IQ%3D%3D&nextConfig=eyJlbnYiOnt9LCJlc2xpbnQiOnsiaWdub3JlRHVyaW5nQnVpbGRzIjp0cnVlfSwidHlwZXNjcmlwdCI6eyJpZ2
5vcmVCdWlsZEVycm9ycyI6dHJ1ZSwidHNjb25maWdQYXRoIjoidHNjb25maWcuanNvbiJ9LCJ0eXBlZFJvdXRlcyI6ZmFsc2UsImRpc3REaXIiOiIubmV4d
CIsImNsZWFuRGlzdERpciI6dHJ1ZSwiYXNzZXRQcmVmaXgiOiIiLCJjYWNoZU1heE1lbW9yeVNpemUiOjUyNDI4ODAwLCJjb25maWdPcmlnaW4iOiJuZXh0
LmNvbmZpZy50cyIsInVzZUZpbGVTeXN0ZW1QdWJsaWNSb3V0ZXMiOnRydWUsImdlbmVyYXRlRXRhZ3MiOnRydWUsInBhZ2VFeHRlbnNpb25zIjpbInRzeCI
sInRzIiwianN4IiwianMiXSwicG93ZXJlZEJ5SGVhZGVyIjp0cnVlLCJjb21wcmVzcyI6dHJ1ZSwiaW1hZ2VzIjp7ImRldmljZVNpemVzIjpbNjQwLDc1MC
w4MjgsMTA4MCwxMjAwLDE5MjAsMjA0OCwzODQwXSwiaW1hZ2VTaXplcyI6WzE2LDMyLDQ4LDY0LDk2LDEyOCwyNTYsMzg0XSwicGF0aCI6Ii9fbmV4dC9pb
WFnZSIsImxvYWRlciI6ImRlZmF1bHQiLCJsb2FkZXJGaWxlIjoiIiwiZG9tYWlucyI6W10sImRpc2FibGVTdGF0aWNJbWFnZXMiOmZhbHNlLCJtaW5pbXVt
Q2FjaGVUVEwiOjYwLCJmb3JtYXRzIjpbImltYWdlL3dlYnAiXSwibWF4aW11bVJlc3BvbnNlQm9keSI6NTAwMDAwMDAsImRhbmdlcm91c2x5QWxsb3dTVkc
iOmZhbHNlLCJjb250ZW50U2VjdXJpdHlQb2xpY3kiOiJzY3JpcHQtc3JjICdub25lJzsgZnJhbWUtc3JjICdub25lJzsgc2FuZGJveDsiLCJjb250ZW50RG
lzcG9zaXRpb25UeXBlIjoiYXR0YWNobWVudCIsInJlbW90ZVBhdHRlcm5zIjpbXSwidW5vcHRpbWl6ZWQiOnRydWV9LCJkZXZJbmRpY2F0b3JzIjp7InBvc
2l0aW9uIjoiYm90dG9tLWxlZnQifSwib25EZW1hbmRFbnRyaWVzIjp7Im1heEluYWN0aXZlQWdlIjo2MDAwMCwicGFnZXNCdWZmZXJMZW5ndGgiOjV9LCJh
bXAiOnsiY2Fub25pY2FsQmFzZSI6IiJ9LCJiYXNlUGF0aCI6IiIsInNhc3NPcHRpb25zIjp7fSwidHJhaWxpbmdTbGFzaCI6ZmFsc2UsImkxOG4iOm51bGw
sInByb2R1Y3Rpb25Ccm93c2VyU291cmNlTWFwcyI6ZmFsc2UsImV4Y2x1ZGVEZWZhdWx0TW9tZW50TG9jYWxlcyI6dHJ1ZSwic2VydmVyUnVudGltZUNvbm
ZpZyI6e30sInB1YmxpY1J1bnRpbWVDb25maWciOnt9LCJyZWFjdFByb2R1Y3Rpb25Qcm9maWxpbmciOmZhbHNlLCJyZWFjdFN0cmljdE1vZGUiOm51bGwsI
nJlYWN0TWF4SGVhZGVyc0xlbmd0aCI6NjAwMCwiaHR0cEFnZW50T3B0aW9ucyI6eyJrZWVwQWxpdmUiOnRydWV9LCJsb2dnaW5nIjp7ImZldGNoZXMiOnsi
ZnVsbFVybCI6ZmFsc2V9fSwiY29tcGlsZXIiOnt9LCJleHBpcmVUaW1lIjozMTUzNjAwMCwic3RhdGljUGFnZUdlbmVyYXRpb25UaW1lb3V0Ijo2MCwib3V
0cHV0Ijoic3RhbmRhbG9uZSIsIm1vZHVsYXJpemVJbXBvcnRzIjp7IkBtdWkvaWNvbnMtbWF0ZXJpYWwiOnsidHJhbnNmb3JtIjoiQG11aS9pY29ucy1tYX
RlcmlhbC97e21lbWJlcn19In0sImxvZGFzaCI6eyJ0cmFuc2Zvcm0iOiJsb2Rhc2gve3ttZW1iZXJ9fSJ9fSwib3V0cHV0RmlsZVRyYWNpbmdSb290IjoiQ
zpcXFVzZXJzXFx6YWxpelxcRG93bmxvYWRzXFxDcnlwdG9SU0kiLCJleHBlcmltZW50YWwiOnsidXNlU2tld0Nvb2tpZSI6ZmFsc2UsImNhY2hlTGlmZSI6
eyJkZWZhdWx0Ijp7InN0YWxlIjozMDAsInJldmFsaWRhdGUiOjkwMCwiZXhwaXJlIjo0Mjk0OTY3Mjk0fSwic2Vjb25kcyI6eyJzdGFsZSI6MzAsInJldmF
saWRhdGUiOjEsImV4cGlyZSI6NjB9LCJtaW51dGVzIjp7InN0YWxlIjozMDAsInJldmFsaWRhdGUiOjYwLCJleHBpcmUiOjM2MDB9LCJob3VycyI6eyJzdG
FsZSI6MzAwLCJyZXZhbGlkYXRlIjozNjAwLCJleHBpcmUiOjg2NDAwfSwiZGF5cyI6eyJzdGFsZSI6MzAwLCJyZXZhbGlkYXRlIjo4NjQwMCwiZXhwaXJlI
jo2MDQ4MDB9LCJ3ZWVrcyI6eyJzdGFsZSI6MzAwLCJyZXZhbGlkYXRlIjo2MDQ4MDAsImV4cGlyZSI6MjU5MjAwMH0sIm1heCI6eyJzdGFsZSI6MzAwLCJy
ZXZhbGlkYXRlIjoyNTkyMDAwLCJleHBpcmUiOjQyOTQ5NjcyOTR9fSwiY2FjaGVIYW5kbGVycyI6e30sImNzc0NodW5raW5nIjp0cnVlLCJtdWx0aVpvbmV
EcmFmdE1vZGUiOmZhbHNlLCJhcHBOYXZGYWlsSGFuZGxpbmciOmZhbHNlLCJwcmVyZW5kZXJFYXJseUV4aXQiOnRydWUsInNlcnZlck1pbmlmaWNhdGlvbi
I6dHJ1ZSwic2VydmVyU291cmNlTWFwcyI6ZmFsc2UsImxpbmtOb1RvdWNoU3RhcnQiOmZhbHNlLCJjYXNlU2Vuc2l0aXZlUm91dGVzIjpmYWxzZSwiY2xpZ
W50U2VnbWVudENhY2hlIjpmYWxzZSwiY2xpZW50UGFyYW1QYXJzaW5nIjpmYWxzZSwiZHluYW1pY09uSG92ZXIiOmZhbHNlLCJwcmVsb2FkRW50cmllc09u
U3RhcnQiOnRydWUsImNsaWVudFJvdXRlckZpbHRlciI6dHJ1ZSwiY2xpZW50Um91dGVyRmlsdGVyUmVkaXJlY3RzIjpmYWxzZSwiZmV0Y2hDYWNoZUtleVB
yZWZpeCI6IiIsIm1pZGRsZXdhcmVQcmVmZXRjaCI6ImZsZXhpYmxlIiwib3B0aW1pc3RpY0NsaWVudENhY2hlIjp0cnVlLCJtYW51YWxDbGllbnRCYXNlUG
F0aCI6ZmFsc2UsImNwdXMiOjMsIm1lbW9yeUJhc2VkV29ya2Vyc0NvdW50IjpmYWxzZSwiaW1nT3B0Q29uY3VycmVuY3kiOm51bGwsImltZ09wdFRpbWVvd
XRJblNlY29uZHMiOjcsImltZ09wdE1heElucHV0UGl4ZWxzIjoyNjg0MDI2ODksImltZ09wdFNlcXVlbnRpYWxSZWFkIjpudWxsLCJpbWdPcHRTa2lwTWV0
YWRhdGEiOm51bGwsImlzckZsdXNoVG9EaXNrIjp0cnVlLCJ3b3JrZXJUaHJlYWRzIjpmYWxzZSwib3B0aW1pemVDc3MiOmZhbHNlLCJuZXh0U2NyaXB0V29
ya2VycyI6ZmFsc2UsInNjcm9sbFJlc3RvcmF0aW9uIjpmYWxzZSwiZXh0ZXJuYWxEaXIiOmZhbHNlLCJkaXNhYmxlT3B0aW1pemVkTG9hZGluZyI6ZmFsc2
UsImd6aXBTaXplIjp0cnVlLCJjcmFDb21wYXQiOmZhbHNlLCJlc21FeHRlcm5hbHMiOnRydWUsImZ1bGx5U3BlY2lmaWVkIjpmYWxzZSwic3djVHJhY2VQc
m9maWxpbmciOmZhbHNlLCJmb3JjZVN3Y1RyYW5zZm9ybXMiOmZhbHNlLCJsYXJnZVBhZ2VEYXRhQnl0ZXMiOjEyODAwMCwidHlwZWRFbnYiOmZhbHNlLCJw
YXJhbGxlbFNlcnZlckNvbXBpbGVzIjpmYWxzZSwicGFyYWxsZWxTZXJ2ZXJCdWlsZFRyYWNlcyI6ZmFsc2UsInBwciI6ZmFsc2UsImF1dGhJbnRlcnJ1cHR
zIjpmYWxzZSwid2VicGFja01lbW9yeU9wdGltaXphdGlvbnMiOmZhbHNlLCJvcHRpbWl6ZVNlcnZlclJlYWN0Ijp0cnVlLCJ2aWV3VHJhbnNpdGlvbiI6Zm
Fsc2UsInJvdXRlckJGQ2FjaGUiOmZhbHNlLCJyZW1vdmVVbmNhdWdodEVycm9yQW5kUmVqZWN0aW9uTGlzdGVuZXJzIjpmYWxzZSwidmFsaWRhdGVSU0NSZ
XF1ZXN0SGVhZGVycyI6ZmFsc2UsInN0YWxlVGltZXMiOnsiZHluYW1pYyI6MCwic3RhdGljIjozMDB9LCJzZXJ2ZXJDb21wb25lbnRzSG1yQ2FjaGUiOnRy
dWUsInN0YXRpY0dlbmVyYXRpb25NYXhDb25jdXJyZW5jeSI6OCwic3RhdGljR2VuZXJhdGlvbk1pblBhZ2VzUGVyV29ya2VyIjoyNSwiY2FjaGVDb21wb25
lbnRzIjpmYWxzZSwiaW5saW5lQ3NzIjpmYWxzZSwidXNlQ2FjaGUiOmZhbHNlLCJnbG9iYWxOb3RGb3VuZCI6ZmFsc2UsImRldnRvb2xTZWdtZW50RXhwbG
9yZXIiOnRydWUsImJyb3dzZXJEZWJ1Z0luZm9JblRlcm1pbmFsIjpmYWxzZSwib3B0aW1pemVSb3V0ZXJTY3JvbGxpbmciOmZhbHNlLCJtaWRkbGV3YXJlQ
2xpZW50TWF4Qm9keVNpemUiOjEwNDg1NzYwLCJvcHRpbWl6ZVBhY2thZ2VJbXBvcnRzIjpbImx1Y2lkZS1yZWFjdCIsImRhdGUtZm5zIiwibG9kYXNoLWVz
IiwicmFtZGEiLCJhbnRkIiwicmVhY3QtYm9vdHN0cmFwIiwiYWhvb2tzIiwiQGFudC1kZXNpZ24vaWNvbnMiLCJAaGVhZGxlc3N1aS9yZWFjdCIsIkBoZWF
kbGVzc3VpLWZsb2F0L3JlYWN0IiwiQGhlcm9pY29ucy9yZWFjdC8yMC9zb2xpZCIsIkBoZXJvaWNvbnMvcmVhY3QvMjQvc29saWQiLCJAaGVyb2ljb25zL3
JlYWN0LzI0L291dGxpbmUiLCJAdmlzeC92aXN4IiwiQHRyZW1vci9yZWFjdCIsInJ4anMiLCJAbXVpL21hdGVyaWFsIiwiQG11aS9pY29ucy1tYXRlcmlhb
CIsInJlY2hhcnRzIiwicmVhY3QtdXNlIiwiZWZmZWN0IiwiQGVmZmVjdC9zY2hlbWEiLCJAZWZmZWN0L3BsYXRmb3JtIiwiQGVmZmVjdC9wbGF0Zm9ybS1u
b2RlIiwiQGVmZmVjdC9wbGF0Zm9ybS1icm93c2VyIiwiQGVmZmVjdC9wbGF0Zm9ybS1idW4iLCJAZWZmZWN0L3NxbCIsIkBlZmZlY3Qvc3FsLW1zc3FsIiw
iQGVmZmVjdC9zcWwtbXlzcWwyIiwiQGVmZmVjdC9zcWwtcGciLCJAZWZmZWN0L3NxbC1zcWxpdGUtbm9kZSIsIkBlZmZlY3Qvc3FsLXNxbGl0ZS1idW4iLC
JAZWZmZWN0L3NxbC1zcWxpdGUtd2FzbSIsIkBlZmZlY3Qvc3FsLXNxbGl0ZS1yZWFjdC1uYXRpdmUiLCJAZWZmZWN0L3JwYyIsIkBlZmZlY3QvcnBjLWh0d
HAiLCJAZWZmZWN0L3R5cGVjbGFzcyIsIkBlZmZlY3QvZXhwZXJpbWVudGFsIiwiQGVmZmVjdC9vcGVudGVsZW1ldHJ5IiwiQG1hdGVyaWFsLXVpL2NvcmUi
LCJAbWF0ZXJpYWwtdWkvaWNvbnMiLCJAdGFibGVyL2ljb25zLXJlYWN0IiwibXVpLWNvcmUiLCJyZWFjdC1pY29ucy9haSIsInJlYWN0LWljb25zL2JpIiw
icmVhY3QtaWNvbnMvYnMiLCJyZWFjdC1pY29ucy9jZyIsInJlYWN0LWljb25zL2NpIiwicmVhY3QtaWNvbnMvZGkiLCJyZWFjdC1pY29ucy9mYSIsInJlYW
N0LWljb25zL2ZhNiIsInJlYWN0LWljb25zL2ZjIiwicmVhY3QtaWNvbnMvZmkiLCJyZWFjdC1pY29ucy9naSIsInJlYWN0LWljb25zL2dvIiwicmVhY3Qta
WNvbnMvZ3IiLCJyZWFjdC1pY29ucy9oaSIsInJlYWN0LWljb25zL2hpMiIsInJlYWN0LWljb25zL2ltIiwicmVhY3QtaWNvbnMvaW8iLCJyZWFjdC1pY29u
cy9pbzUiLCJyZWFjdC1pY29ucy9saWEiLCJyZWFjdC1pY29ucy9saWIiLCJyZWFjdC1pY29ucy9sdSIsInJlYWN0LWljb25zL21kIiwicmVhY3QtaWNvbnM
vcGkiLCJyZWFjdC1pY29ucy9yaSIsInJlYWN0LWljb25zL3J4IiwicmVhY3QtaWNvbnMvc2kiLCJyZWFjdC1pY29ucy9zbCIsInJlYWN0LWljb25zL3RiIi
wicmVhY3QtaWNvbnMvdGZpIiwicmVhY3QtaWNvbnMvdGkiLCJyZWFjdC1pY29ucy92c2MiLCJyZWFjdC1pY29ucy93aSJdfSwiaHRtbExpbWl0ZWRCb3RzI
joiW1xcdy1dKy1Hb29nbGV8R29vZ2xlLVtcXHctXSt8Q2hyb21lLUxpZ2h0aG91c2V8U2x1cnB8RHVja0R1Y2tCb3R8YmFpZHVzcGlkZXJ8eWFuZGV4fHNv
Z291fGJpdGx5Ym90fHR1bWJscnx2a1NoYXJlfHF1b3JhIGxpbmsgcHJldmlld3xyZWRkaXRib3R8aWFfYXJjaGl2ZXJ8QmluZ2JvdHxCaW5nUHJldmlld3x
hcHBsZWJvdHxmYWNlYm9va2V4dGVybmFsaGl0fGZhY2Vib29rY2F0YWxvZ3xUd2l0dGVyYm90fExpbmtlZEluQm90fFNsYWNrYm90fERpc2NvcmRib3R8V2
hhdHNBcHB8U2t5cGVVcmlQcmV2aWV3fFlldGl8Z29vZ2xld2VibGlnaHQiLCJidW5kbGVQYWdlc1JvdXRlckRlcGVuZGVuY2llcyI6ZmFsc2UsImNvbmZpZ
0ZpbGUiOiJDOlxcVXNlcnNcXHphbGl6XFxEb3dubG9hZHNcXENyeXB0b1JTSVxcbmV4dC5jb25maWcudHMiLCJjb25maWdGaWxlTmFtZSI6Im5leHQuY29u
ZmlnLnRzIiwic2VydmVyRXh0ZXJuYWxQYWNrYWdlcyI6WyJwZyJdLCJ0dXJib3BhY2siOnsicm9vdCI6IkM6XFxVc2Vyc1xcemFsaXpcXERvd25sb2Fkc1x
cQ3J5cHRvUlNJIn19&preferredRegion=&middlewareConfig=e30%3D&cacheHandlers=%7B%7D!


> Build failed because of webpack errors
