
===========================================
Testing RSI against Bybit Live Data for BTCUSDT
===========================================

Live 1m Price (Unclosed Candle): $69514.9
Static 1m RSI (Calculated with all closes): 36.95

State snapshot (from completely closed candles):
- Last Closed Price: $69512.2
- AvgGain: 13.694830
- AvgLoss: 23.727185

Approximated Real-Time 1m RSI with live price $69514.9: 36.95
Difference (Static vs Approximated): 0.000000
Γ£à EXACT MATCH! The real-time approximation perfectly aligns with standard calculation!

--- Real-Time Tick Simulation ---
Simulating price moving to $69530.4
New Approximated RSI: 38.88
Γ£à TICK MATCH! Real-time WS tick approximation perfectly matches full recalculation!

--- 1h Timeframe Test ---
1h Static RSI: 25.97 | Approximated 1h RSI: 25.97
Γ£à 1h MATCH PERFECT! History limit of 200 properly stabilizes calculation.
