components/screener-dashboard.tsx(2100,1): error TS1005: ',' expected.
components/screener-dashboard.tsx(2168,1): error TS1005: ',' expected.
components/screener-dashboard.tsx(2187,1): error TS1005: ',' expected.
components/screener-dashboard.tsx(2212,1): error TS1005: ',' expected.
components/screener-dashboard.tsx(2225,1): error TS1005: ',' expected.
components/screener-dashboard.tsx(2303,1): error TS1005: ',' expected.
components/screener-dashboard.tsx(2341,1): error TS1005: '}' expected.
